ARM GAS  C:\Users\Will\AppData\Local\Temp\cctsoTrH.s 			page 1


   1              		.syntax unified
   2              		.cpu cortex-m3
   3              		.fpu softvfp
   4              		.eabi_attribute 20, 1
   5              		.eabi_attribute 21, 1
   6              		.eabi_attribute 23, 3
   7              		.eabi_attribute 24, 1
   8              		.eabi_attribute 25, 1
   9              		.eabi_attribute 26, 1
  10              		.eabi_attribute 30, 1
  11              		.eabi_attribute 34, 1
  12              		.eabi_attribute 18, 4
  13              		.thumb
  14              		.syntax unified
  15              		.file	"REFRESH_ISR.c"
  16              		.text
  17              	.Ltext0:
  18              		.cfi_sections	.debug_frame
  19              		.section	.text.REFRESH_ISR_Interrupt,"ax",%progbits
  20              		.align	2
  21              		.global	REFRESH_ISR_Interrupt
  22              		.thumb
  23              		.thumb_func
  24              		.type	REFRESH_ISR_Interrupt, %function
  25              	REFRESH_ISR_Interrupt:
  26              	.LFB3:
  27              		.file 1 "Generated_Source\\PSoC5\\REFRESH_ISR.c"
   1:Generated_Source\PSoC5/REFRESH_ISR.c **** /*******************************************************************************
   2:Generated_Source\PSoC5/REFRESH_ISR.c **** * File Name: REFRESH_ISR.c  
   3:Generated_Source\PSoC5/REFRESH_ISR.c **** * Version 1.70
   4:Generated_Source\PSoC5/REFRESH_ISR.c **** *
   5:Generated_Source\PSoC5/REFRESH_ISR.c **** *  Description:
   6:Generated_Source\PSoC5/REFRESH_ISR.c **** *   API for controlling the state of an interrupt.
   7:Generated_Source\PSoC5/REFRESH_ISR.c **** *
   8:Generated_Source\PSoC5/REFRESH_ISR.c **** *
   9:Generated_Source\PSoC5/REFRESH_ISR.c **** *  Note:
  10:Generated_Source\PSoC5/REFRESH_ISR.c **** *
  11:Generated_Source\PSoC5/REFRESH_ISR.c **** ********************************************************************************
  12:Generated_Source\PSoC5/REFRESH_ISR.c **** * Copyright 2008-2015, Cypress Semiconductor Corporation.  All rights reserved.
  13:Generated_Source\PSoC5/REFRESH_ISR.c **** * You may use this file only in accordance with the license, terms, conditions, 
  14:Generated_Source\PSoC5/REFRESH_ISR.c **** * disclaimers, and limitations in the end user license agreement accompanying 
  15:Generated_Source\PSoC5/REFRESH_ISR.c **** * the software package with which this file was provided.
  16:Generated_Source\PSoC5/REFRESH_ISR.c **** *******************************************************************************/
  17:Generated_Source\PSoC5/REFRESH_ISR.c **** 
  18:Generated_Source\PSoC5/REFRESH_ISR.c **** 
  19:Generated_Source\PSoC5/REFRESH_ISR.c **** #include <cydevice_trm.h>
  20:Generated_Source\PSoC5/REFRESH_ISR.c **** #include <CyLib.h>
  21:Generated_Source\PSoC5/REFRESH_ISR.c **** #include <REFRESH_ISR.h>
  22:Generated_Source\PSoC5/REFRESH_ISR.c **** #include "cyapicallbacks.h"
  23:Generated_Source\PSoC5/REFRESH_ISR.c **** 
  24:Generated_Source\PSoC5/REFRESH_ISR.c **** #if !defined(REFRESH_ISR__REMOVED) /* Check for removal by optimization */
  25:Generated_Source\PSoC5/REFRESH_ISR.c **** 
  26:Generated_Source\PSoC5/REFRESH_ISR.c **** /*******************************************************************************
  27:Generated_Source\PSoC5/REFRESH_ISR.c **** *  Place your includes, defines and code here 
  28:Generated_Source\PSoC5/REFRESH_ISR.c **** ********************************************************************************/
  29:Generated_Source\PSoC5/REFRESH_ISR.c **** /* `#START REFRESH_ISR_intc` */
  30:Generated_Source\PSoC5/REFRESH_ISR.c **** #include "TIMER.h"
ARM GAS  C:\Users\Will\AppData\Local\Temp\cctsoTrH.s 			page 2


  31:Generated_Source\PSoC5/REFRESH_ISR.c **** volatile uint8 timer_isr_flag;
  32:Generated_Source\PSoC5/REFRESH_ISR.c **** /* `#END` */
  33:Generated_Source\PSoC5/REFRESH_ISR.c **** 
  34:Generated_Source\PSoC5/REFRESH_ISR.c **** #ifndef CYINT_IRQ_BASE
  35:Generated_Source\PSoC5/REFRESH_ISR.c **** #define CYINT_IRQ_BASE      16
  36:Generated_Source\PSoC5/REFRESH_ISR.c **** #endif /* CYINT_IRQ_BASE */
  37:Generated_Source\PSoC5/REFRESH_ISR.c **** #ifndef CYINT_VECT_TABLE
  38:Generated_Source\PSoC5/REFRESH_ISR.c **** #define CYINT_VECT_TABLE    ((cyisraddress **) CYREG_NVIC_VECT_OFFSET)
  39:Generated_Source\PSoC5/REFRESH_ISR.c **** #endif /* CYINT_VECT_TABLE */
  40:Generated_Source\PSoC5/REFRESH_ISR.c **** 
  41:Generated_Source\PSoC5/REFRESH_ISR.c **** /* Declared in startup, used to set unused interrupts to. */
  42:Generated_Source\PSoC5/REFRESH_ISR.c **** CY_ISR_PROTO(IntDefaultHandler);
  43:Generated_Source\PSoC5/REFRESH_ISR.c **** 
  44:Generated_Source\PSoC5/REFRESH_ISR.c **** 
  45:Generated_Source\PSoC5/REFRESH_ISR.c **** /*******************************************************************************
  46:Generated_Source\PSoC5/REFRESH_ISR.c **** * Function Name: REFRESH_ISR_Start
  47:Generated_Source\PSoC5/REFRESH_ISR.c **** ********************************************************************************
  48:Generated_Source\PSoC5/REFRESH_ISR.c **** *
  49:Generated_Source\PSoC5/REFRESH_ISR.c **** * Summary:
  50:Generated_Source\PSoC5/REFRESH_ISR.c **** *  Set up the interrupt and enable it. This function disables the interrupt, 
  51:Generated_Source\PSoC5/REFRESH_ISR.c **** *  sets the default interrupt vector, sets the priority from the value in the
  52:Generated_Source\PSoC5/REFRESH_ISR.c **** *  Design Wide Resources Interrupt Editor, then enables the interrupt to the 
  53:Generated_Source\PSoC5/REFRESH_ISR.c **** *  interrupt controller.
  54:Generated_Source\PSoC5/REFRESH_ISR.c **** *
  55:Generated_Source\PSoC5/REFRESH_ISR.c **** * Parameters:  
  56:Generated_Source\PSoC5/REFRESH_ISR.c **** *   None
  57:Generated_Source\PSoC5/REFRESH_ISR.c **** *
  58:Generated_Source\PSoC5/REFRESH_ISR.c **** * Return:
  59:Generated_Source\PSoC5/REFRESH_ISR.c **** *   None
  60:Generated_Source\PSoC5/REFRESH_ISR.c **** *
  61:Generated_Source\PSoC5/REFRESH_ISR.c **** *******************************************************************************/
  62:Generated_Source\PSoC5/REFRESH_ISR.c **** void REFRESH_ISR_Start(void)
  63:Generated_Source\PSoC5/REFRESH_ISR.c **** {
  64:Generated_Source\PSoC5/REFRESH_ISR.c ****     /* For all we know the interrupt is active. */
  65:Generated_Source\PSoC5/REFRESH_ISR.c ****     REFRESH_ISR_Disable();
  66:Generated_Source\PSoC5/REFRESH_ISR.c **** 
  67:Generated_Source\PSoC5/REFRESH_ISR.c ****     /* Set the ISR to point to the REFRESH_ISR Interrupt. */
  68:Generated_Source\PSoC5/REFRESH_ISR.c ****     REFRESH_ISR_SetVector(&REFRESH_ISR_Interrupt);
  69:Generated_Source\PSoC5/REFRESH_ISR.c **** 
  70:Generated_Source\PSoC5/REFRESH_ISR.c ****     /* Set the priority. */
  71:Generated_Source\PSoC5/REFRESH_ISR.c ****     REFRESH_ISR_SetPriority((uint8)REFRESH_ISR_INTC_PRIOR_NUMBER);
  72:Generated_Source\PSoC5/REFRESH_ISR.c **** 
  73:Generated_Source\PSoC5/REFRESH_ISR.c ****     /* Enable it. */
  74:Generated_Source\PSoC5/REFRESH_ISR.c ****     REFRESH_ISR_Enable();
  75:Generated_Source\PSoC5/REFRESH_ISR.c **** }
  76:Generated_Source\PSoC5/REFRESH_ISR.c **** 
  77:Generated_Source\PSoC5/REFRESH_ISR.c **** 
  78:Generated_Source\PSoC5/REFRESH_ISR.c **** /*******************************************************************************
  79:Generated_Source\PSoC5/REFRESH_ISR.c **** * Function Name: REFRESH_ISR_StartEx
  80:Generated_Source\PSoC5/REFRESH_ISR.c **** ********************************************************************************
  81:Generated_Source\PSoC5/REFRESH_ISR.c **** *
  82:Generated_Source\PSoC5/REFRESH_ISR.c **** * Summary:
  83:Generated_Source\PSoC5/REFRESH_ISR.c **** *  Sets up the interrupt and enables it. This function disables the interrupt,
  84:Generated_Source\PSoC5/REFRESH_ISR.c **** *  sets the interrupt vector based on the address passed in, sets the priority 
  85:Generated_Source\PSoC5/REFRESH_ISR.c **** *  from the value in the Design Wide Resources Interrupt Editor, then enables 
  86:Generated_Source\PSoC5/REFRESH_ISR.c **** *  the interrupt to the interrupt controller.
  87:Generated_Source\PSoC5/REFRESH_ISR.c **** *  
ARM GAS  C:\Users\Will\AppData\Local\Temp\cctsoTrH.s 			page 3


  88:Generated_Source\PSoC5/REFRESH_ISR.c **** *  When defining ISR functions, the CY_ISR and CY_ISR_PROTO macros should be 
  89:Generated_Source\PSoC5/REFRESH_ISR.c **** *  used to provide consistent definition across compilers:
  90:Generated_Source\PSoC5/REFRESH_ISR.c **** *  
  91:Generated_Source\PSoC5/REFRESH_ISR.c **** *  Function definition example:
  92:Generated_Source\PSoC5/REFRESH_ISR.c **** *   CY_ISR(MyISR)
  93:Generated_Source\PSoC5/REFRESH_ISR.c **** *   {
  94:Generated_Source\PSoC5/REFRESH_ISR.c **** *   }
  95:Generated_Source\PSoC5/REFRESH_ISR.c **** *   Function prototype example:
  96:Generated_Source\PSoC5/REFRESH_ISR.c **** *   CY_ISR_PROTO(MyISR);
  97:Generated_Source\PSoC5/REFRESH_ISR.c **** *
  98:Generated_Source\PSoC5/REFRESH_ISR.c **** * Parameters:  
  99:Generated_Source\PSoC5/REFRESH_ISR.c **** *   address: Address of the ISR to set in the interrupt vector table.
 100:Generated_Source\PSoC5/REFRESH_ISR.c **** *
 101:Generated_Source\PSoC5/REFRESH_ISR.c **** * Return:
 102:Generated_Source\PSoC5/REFRESH_ISR.c **** *   None
 103:Generated_Source\PSoC5/REFRESH_ISR.c **** *
 104:Generated_Source\PSoC5/REFRESH_ISR.c **** *******************************************************************************/
 105:Generated_Source\PSoC5/REFRESH_ISR.c **** void REFRESH_ISR_StartEx(cyisraddress address)
 106:Generated_Source\PSoC5/REFRESH_ISR.c **** {
 107:Generated_Source\PSoC5/REFRESH_ISR.c ****     /* For all we know the interrupt is active. */
 108:Generated_Source\PSoC5/REFRESH_ISR.c ****     REFRESH_ISR_Disable();
 109:Generated_Source\PSoC5/REFRESH_ISR.c **** 
 110:Generated_Source\PSoC5/REFRESH_ISR.c ****     /* Set the ISR to point to the REFRESH_ISR Interrupt. */
 111:Generated_Source\PSoC5/REFRESH_ISR.c ****     REFRESH_ISR_SetVector(address);
 112:Generated_Source\PSoC5/REFRESH_ISR.c **** 
 113:Generated_Source\PSoC5/REFRESH_ISR.c ****     /* Set the priority. */
 114:Generated_Source\PSoC5/REFRESH_ISR.c ****     REFRESH_ISR_SetPriority((uint8)REFRESH_ISR_INTC_PRIOR_NUMBER);
 115:Generated_Source\PSoC5/REFRESH_ISR.c **** 
 116:Generated_Source\PSoC5/REFRESH_ISR.c ****     /* Enable it. */
 117:Generated_Source\PSoC5/REFRESH_ISR.c ****     REFRESH_ISR_Enable();
 118:Generated_Source\PSoC5/REFRESH_ISR.c **** }
 119:Generated_Source\PSoC5/REFRESH_ISR.c **** 
 120:Generated_Source\PSoC5/REFRESH_ISR.c **** 
 121:Generated_Source\PSoC5/REFRESH_ISR.c **** /*******************************************************************************
 122:Generated_Source\PSoC5/REFRESH_ISR.c **** * Function Name: REFRESH_ISR_Stop
 123:Generated_Source\PSoC5/REFRESH_ISR.c **** ********************************************************************************
 124:Generated_Source\PSoC5/REFRESH_ISR.c **** *
 125:Generated_Source\PSoC5/REFRESH_ISR.c **** * Summary:
 126:Generated_Source\PSoC5/REFRESH_ISR.c **** *   Disables and removes the interrupt.
 127:Generated_Source\PSoC5/REFRESH_ISR.c **** *
 128:Generated_Source\PSoC5/REFRESH_ISR.c **** * Parameters:  
 129:Generated_Source\PSoC5/REFRESH_ISR.c **** *   None
 130:Generated_Source\PSoC5/REFRESH_ISR.c **** *
 131:Generated_Source\PSoC5/REFRESH_ISR.c **** * Return:
 132:Generated_Source\PSoC5/REFRESH_ISR.c **** *   None
 133:Generated_Source\PSoC5/REFRESH_ISR.c **** *
 134:Generated_Source\PSoC5/REFRESH_ISR.c **** *******************************************************************************/
 135:Generated_Source\PSoC5/REFRESH_ISR.c **** void REFRESH_ISR_Stop(void)
 136:Generated_Source\PSoC5/REFRESH_ISR.c **** {
 137:Generated_Source\PSoC5/REFRESH_ISR.c ****     /* Disable this interrupt. */
 138:Generated_Source\PSoC5/REFRESH_ISR.c ****     REFRESH_ISR_Disable();
 139:Generated_Source\PSoC5/REFRESH_ISR.c **** 
 140:Generated_Source\PSoC5/REFRESH_ISR.c ****     /* Set the ISR to point to the passive one. */
 141:Generated_Source\PSoC5/REFRESH_ISR.c ****     REFRESH_ISR_SetVector(&IntDefaultHandler);
 142:Generated_Source\PSoC5/REFRESH_ISR.c **** }
 143:Generated_Source\PSoC5/REFRESH_ISR.c **** 
 144:Generated_Source\PSoC5/REFRESH_ISR.c **** 
ARM GAS  C:\Users\Will\AppData\Local\Temp\cctsoTrH.s 			page 4


 145:Generated_Source\PSoC5/REFRESH_ISR.c **** /*******************************************************************************
 146:Generated_Source\PSoC5/REFRESH_ISR.c **** * Function Name: REFRESH_ISR_Interrupt
 147:Generated_Source\PSoC5/REFRESH_ISR.c **** ********************************************************************************
 148:Generated_Source\PSoC5/REFRESH_ISR.c **** *
 149:Generated_Source\PSoC5/REFRESH_ISR.c **** * Summary:
 150:Generated_Source\PSoC5/REFRESH_ISR.c **** *   The default Interrupt Service Routine for REFRESH_ISR.
 151:Generated_Source\PSoC5/REFRESH_ISR.c **** *
 152:Generated_Source\PSoC5/REFRESH_ISR.c **** *   Add custom code between the coments to keep the next version of this file
 153:Generated_Source\PSoC5/REFRESH_ISR.c **** *   from over writting your code.
 154:Generated_Source\PSoC5/REFRESH_ISR.c **** *
 155:Generated_Source\PSoC5/REFRESH_ISR.c **** * Parameters:  
 156:Generated_Source\PSoC5/REFRESH_ISR.c **** *
 157:Generated_Source\PSoC5/REFRESH_ISR.c **** * Return:
 158:Generated_Source\PSoC5/REFRESH_ISR.c **** *   None
 159:Generated_Source\PSoC5/REFRESH_ISR.c **** *
 160:Generated_Source\PSoC5/REFRESH_ISR.c **** *******************************************************************************/
 161:Generated_Source\PSoC5/REFRESH_ISR.c **** CY_ISR(REFRESH_ISR_Interrupt)
 162:Generated_Source\PSoC5/REFRESH_ISR.c **** {
  28              		.loc 1 162 0
  29              		.cfi_startproc
  30              		@ args = 0, pretend = 0, frame = 0
  31              		@ frame_needed = 0, uses_anonymous_args = 0
  32 0000 08B5     		push	{r3, lr}
  33              		.cfi_def_cfa_offset 8
  34              		.cfi_offset 3, -8
  35              		.cfi_offset 14, -4
 163:Generated_Source\PSoC5/REFRESH_ISR.c ****     #ifdef REFRESH_ISR_INTERRUPT_INTERRUPT_CALLBACK
 164:Generated_Source\PSoC5/REFRESH_ISR.c ****         REFRESH_ISR_Interrupt_InterruptCallback();
 165:Generated_Source\PSoC5/REFRESH_ISR.c ****     #endif /* REFRESH_ISR_INTERRUPT_INTERRUPT_CALLBACK */ 
 166:Generated_Source\PSoC5/REFRESH_ISR.c **** 
 167:Generated_Source\PSoC5/REFRESH_ISR.c ****     /*  Place your Interrupt code here. */
 168:Generated_Source\PSoC5/REFRESH_ISR.c ****     /* `#START REFRESH_ISR_Interrupt` */
 169:Generated_Source\PSoC5/REFRESH_ISR.c ****     timer_isr_flag =1;
  36              		.loc 1 169 0
  37 0002 0122     		movs	r2, #1
  38 0004 024B     		ldr	r3, .L3
  39 0006 1A70     		strb	r2, [r3]
 170:Generated_Source\PSoC5/REFRESH_ISR.c ****     TIMER_ReadStatusRegister();
  40              		.loc 1 170 0
  41 0008 FFF7FEFF 		bl	TIMER_ReadStatusRegister
  42              	.LVL0:
  43 000c 08BD     		pop	{r3, pc}
  44              	.L4:
  45 000e 00BF     		.align	2
  46              	.L3:
  47 0010 00000000 		.word	timer_isr_flag
  48              		.cfi_endproc
  49              	.LFE3:
  50              		.size	REFRESH_ISR_Interrupt, .-REFRESH_ISR_Interrupt
  51              		.section	.text.REFRESH_ISR_SetVector,"ax",%progbits
  52              		.align	2
  53              		.global	REFRESH_ISR_SetVector
  54              		.thumb
  55              		.thumb_func
  56              		.type	REFRESH_ISR_SetVector, %function
  57              	REFRESH_ISR_SetVector:
  58              	.LFB4:
ARM GAS  C:\Users\Will\AppData\Local\Temp\cctsoTrH.s 			page 5


 171:Generated_Source\PSoC5/REFRESH_ISR.c ****     /* `#END` */
 172:Generated_Source\PSoC5/REFRESH_ISR.c **** }
 173:Generated_Source\PSoC5/REFRESH_ISR.c **** 
 174:Generated_Source\PSoC5/REFRESH_ISR.c **** 
 175:Generated_Source\PSoC5/REFRESH_ISR.c **** /*******************************************************************************
 176:Generated_Source\PSoC5/REFRESH_ISR.c **** * Function Name: REFRESH_ISR_SetVector
 177:Generated_Source\PSoC5/REFRESH_ISR.c **** ********************************************************************************
 178:Generated_Source\PSoC5/REFRESH_ISR.c **** *
 179:Generated_Source\PSoC5/REFRESH_ISR.c **** * Summary:
 180:Generated_Source\PSoC5/REFRESH_ISR.c **** *   Change the ISR vector for the Interrupt. Note calling REFRESH_ISR_Start
 181:Generated_Source\PSoC5/REFRESH_ISR.c **** *   will override any effect this method would have had. To set the vector 
 182:Generated_Source\PSoC5/REFRESH_ISR.c **** *   before the component has been started use REFRESH_ISR_StartEx instead.
 183:Generated_Source\PSoC5/REFRESH_ISR.c **** * 
 184:Generated_Source\PSoC5/REFRESH_ISR.c **** *   When defining ISR functions, the CY_ISR and CY_ISR_PROTO macros should be 
 185:Generated_Source\PSoC5/REFRESH_ISR.c **** *   used to provide consistent definition across compilers:
 186:Generated_Source\PSoC5/REFRESH_ISR.c **** *
 187:Generated_Source\PSoC5/REFRESH_ISR.c **** *   Function definition example:
 188:Generated_Source\PSoC5/REFRESH_ISR.c **** *   CY_ISR(MyISR)
 189:Generated_Source\PSoC5/REFRESH_ISR.c **** *   {
 190:Generated_Source\PSoC5/REFRESH_ISR.c **** *   }
 191:Generated_Source\PSoC5/REFRESH_ISR.c **** *
 192:Generated_Source\PSoC5/REFRESH_ISR.c **** *   Function prototype example:
 193:Generated_Source\PSoC5/REFRESH_ISR.c **** *     CY_ISR_PROTO(MyISR);
 194:Generated_Source\PSoC5/REFRESH_ISR.c **** *
 195:Generated_Source\PSoC5/REFRESH_ISR.c **** * Parameters:
 196:Generated_Source\PSoC5/REFRESH_ISR.c **** *   address: Address of the ISR to set in the interrupt vector table.
 197:Generated_Source\PSoC5/REFRESH_ISR.c **** *
 198:Generated_Source\PSoC5/REFRESH_ISR.c **** * Return:
 199:Generated_Source\PSoC5/REFRESH_ISR.c **** *   None
 200:Generated_Source\PSoC5/REFRESH_ISR.c **** *
 201:Generated_Source\PSoC5/REFRESH_ISR.c **** *******************************************************************************/
 202:Generated_Source\PSoC5/REFRESH_ISR.c **** void REFRESH_ISR_SetVector(cyisraddress address)
 203:Generated_Source\PSoC5/REFRESH_ISR.c **** {
  59              		.loc 1 203 0
  60              		.cfi_startproc
  61              		@ args = 0, pretend = 0, frame = 0
  62              		@ frame_needed = 0, uses_anonymous_args = 0
  63              		@ link register save eliminated.
  64              	.LVL1:
 204:Generated_Source\PSoC5/REFRESH_ISR.c ****     cyisraddress * ramVectorTable;
 205:Generated_Source\PSoC5/REFRESH_ISR.c **** 
 206:Generated_Source\PSoC5/REFRESH_ISR.c ****     ramVectorTable = (cyisraddress *) *CYINT_VECT_TABLE;
  65              		.loc 1 206 0
  66 0000 024B     		ldr	r3, .L6
  67 0002 1B68     		ldr	r3, [r3]
  68              	.LVL2:
 207:Generated_Source\PSoC5/REFRESH_ISR.c **** 
 208:Generated_Source\PSoC5/REFRESH_ISR.c ****     ramVectorTable[CYINT_IRQ_BASE + (uint32)REFRESH_ISR__INTC_NUMBER] = address;
  69              		.loc 1 208 0
  70 0004 C3F88800 		str	r0, [r3, #136]
  71 0008 7047     		bx	lr
  72              	.L7:
  73 000a 00BF     		.align	2
  74              	.L6:
  75 000c 08ED00E0 		.word	-536810232
  76              		.cfi_endproc
  77              	.LFE4:
ARM GAS  C:\Users\Will\AppData\Local\Temp\cctsoTrH.s 			page 6


  78              		.size	REFRESH_ISR_SetVector, .-REFRESH_ISR_SetVector
  79              		.section	.text.REFRESH_ISR_GetVector,"ax",%progbits
  80              		.align	2
  81              		.global	REFRESH_ISR_GetVector
  82              		.thumb
  83              		.thumb_func
  84              		.type	REFRESH_ISR_GetVector, %function
  85              	REFRESH_ISR_GetVector:
  86              	.LFB5:
 209:Generated_Source\PSoC5/REFRESH_ISR.c **** }
 210:Generated_Source\PSoC5/REFRESH_ISR.c **** 
 211:Generated_Source\PSoC5/REFRESH_ISR.c **** 
 212:Generated_Source\PSoC5/REFRESH_ISR.c **** /*******************************************************************************
 213:Generated_Source\PSoC5/REFRESH_ISR.c **** * Function Name: REFRESH_ISR_GetVector
 214:Generated_Source\PSoC5/REFRESH_ISR.c **** ********************************************************************************
 215:Generated_Source\PSoC5/REFRESH_ISR.c **** *
 216:Generated_Source\PSoC5/REFRESH_ISR.c **** * Summary:
 217:Generated_Source\PSoC5/REFRESH_ISR.c **** *   Gets the "address" of the current ISR vector for the Interrupt.
 218:Generated_Source\PSoC5/REFRESH_ISR.c **** *
 219:Generated_Source\PSoC5/REFRESH_ISR.c **** * Parameters:
 220:Generated_Source\PSoC5/REFRESH_ISR.c **** *   None
 221:Generated_Source\PSoC5/REFRESH_ISR.c **** *
 222:Generated_Source\PSoC5/REFRESH_ISR.c **** * Return:
 223:Generated_Source\PSoC5/REFRESH_ISR.c **** *   Address of the ISR in the interrupt vector table.
 224:Generated_Source\PSoC5/REFRESH_ISR.c **** *
 225:Generated_Source\PSoC5/REFRESH_ISR.c **** *******************************************************************************/
 226:Generated_Source\PSoC5/REFRESH_ISR.c **** cyisraddress REFRESH_ISR_GetVector(void)
 227:Generated_Source\PSoC5/REFRESH_ISR.c **** {
  87              		.loc 1 227 0
  88              		.cfi_startproc
  89              		@ args = 0, pretend = 0, frame = 0
  90              		@ frame_needed = 0, uses_anonymous_args = 0
  91              		@ link register save eliminated.
 228:Generated_Source\PSoC5/REFRESH_ISR.c ****     cyisraddress * ramVectorTable;
 229:Generated_Source\PSoC5/REFRESH_ISR.c **** 
 230:Generated_Source\PSoC5/REFRESH_ISR.c ****     ramVectorTable = (cyisraddress *) *CYINT_VECT_TABLE;
  92              		.loc 1 230 0
  93 0000 024B     		ldr	r3, .L9
  94 0002 1B68     		ldr	r3, [r3]
  95              	.LVL3:
 231:Generated_Source\PSoC5/REFRESH_ISR.c **** 
 232:Generated_Source\PSoC5/REFRESH_ISR.c ****     return ramVectorTable[CYINT_IRQ_BASE + (uint32)REFRESH_ISR__INTC_NUMBER];
 233:Generated_Source\PSoC5/REFRESH_ISR.c **** }
  96              		.loc 1 233 0
  97 0004 D3F88800 		ldr	r0, [r3, #136]
  98 0008 7047     		bx	lr
  99              	.L10:
 100 000a 00BF     		.align	2
 101              	.L9:
 102 000c 08ED00E0 		.word	-536810232
 103              		.cfi_endproc
 104              	.LFE5:
 105              		.size	REFRESH_ISR_GetVector, .-REFRESH_ISR_GetVector
 106              		.section	.text.REFRESH_ISR_SetPriority,"ax",%progbits
 107              		.align	2
 108              		.global	REFRESH_ISR_SetPriority
 109              		.thumb
ARM GAS  C:\Users\Will\AppData\Local\Temp\cctsoTrH.s 			page 7


 110              		.thumb_func
 111              		.type	REFRESH_ISR_SetPriority, %function
 112              	REFRESH_ISR_SetPriority:
 113              	.LFB6:
 234:Generated_Source\PSoC5/REFRESH_ISR.c **** 
 235:Generated_Source\PSoC5/REFRESH_ISR.c **** 
 236:Generated_Source\PSoC5/REFRESH_ISR.c **** /*******************************************************************************
 237:Generated_Source\PSoC5/REFRESH_ISR.c **** * Function Name: REFRESH_ISR_SetPriority
 238:Generated_Source\PSoC5/REFRESH_ISR.c **** ********************************************************************************
 239:Generated_Source\PSoC5/REFRESH_ISR.c **** *
 240:Generated_Source\PSoC5/REFRESH_ISR.c **** * Summary:
 241:Generated_Source\PSoC5/REFRESH_ISR.c **** *   Sets the Priority of the Interrupt. 
 242:Generated_Source\PSoC5/REFRESH_ISR.c **** *
 243:Generated_Source\PSoC5/REFRESH_ISR.c **** *   Note calling REFRESH_ISR_Start or REFRESH_ISR_StartEx will 
 244:Generated_Source\PSoC5/REFRESH_ISR.c **** *   override any effect this API would have had. This API should only be called
 245:Generated_Source\PSoC5/REFRESH_ISR.c **** *   after REFRESH_ISR_Start or REFRESH_ISR_StartEx has been called. 
 246:Generated_Source\PSoC5/REFRESH_ISR.c **** *   To set the initial priority for the component, use the Design-Wide Resources
 247:Generated_Source\PSoC5/REFRESH_ISR.c **** *   Interrupt Editor.
 248:Generated_Source\PSoC5/REFRESH_ISR.c **** *
 249:Generated_Source\PSoC5/REFRESH_ISR.c **** *   Note This API has no effect on Non-maskable interrupt NMI).
 250:Generated_Source\PSoC5/REFRESH_ISR.c **** *
 251:Generated_Source\PSoC5/REFRESH_ISR.c **** * Parameters:
 252:Generated_Source\PSoC5/REFRESH_ISR.c **** *   priority: Priority of the interrupt, 0 being the highest priority
 253:Generated_Source\PSoC5/REFRESH_ISR.c **** *             PSoC 3 and PSoC 5LP: Priority is from 0 to 7.
 254:Generated_Source\PSoC5/REFRESH_ISR.c **** *             PSoC 4: Priority is from 0 to 3.
 255:Generated_Source\PSoC5/REFRESH_ISR.c **** *
 256:Generated_Source\PSoC5/REFRESH_ISR.c **** * Return:
 257:Generated_Source\PSoC5/REFRESH_ISR.c **** *   None
 258:Generated_Source\PSoC5/REFRESH_ISR.c **** *
 259:Generated_Source\PSoC5/REFRESH_ISR.c **** *******************************************************************************/
 260:Generated_Source\PSoC5/REFRESH_ISR.c **** void REFRESH_ISR_SetPriority(uint8 priority)
 261:Generated_Source\PSoC5/REFRESH_ISR.c **** {
 114              		.loc 1 261 0
 115              		.cfi_startproc
 116              		@ args = 0, pretend = 0, frame = 0
 117              		@ frame_needed = 0, uses_anonymous_args = 0
 118              		@ link register save eliminated.
 119              	.LVL4:
 262:Generated_Source\PSoC5/REFRESH_ISR.c ****     *REFRESH_ISR_INTC_PRIOR = priority << 5;
 120              		.loc 1 262 0
 121 0000 4001     		lsls	r0, r0, #5
 122              	.LVL5:
 123 0002 C0B2     		uxtb	r0, r0
 124 0004 014B     		ldr	r3, .L12
 125 0006 1870     		strb	r0, [r3]
 126 0008 7047     		bx	lr
 127              	.L13:
 128 000a 00BF     		.align	2
 129              	.L12:
 130 000c 12E400E0 		.word	-536812526
 131              		.cfi_endproc
 132              	.LFE6:
 133              		.size	REFRESH_ISR_SetPriority, .-REFRESH_ISR_SetPriority
 134              		.section	.text.REFRESH_ISR_GetPriority,"ax",%progbits
 135              		.align	2
 136              		.global	REFRESH_ISR_GetPriority
 137              		.thumb
ARM GAS  C:\Users\Will\AppData\Local\Temp\cctsoTrH.s 			page 8


 138              		.thumb_func
 139              		.type	REFRESH_ISR_GetPriority, %function
 140              	REFRESH_ISR_GetPriority:
 141              	.LFB7:
 263:Generated_Source\PSoC5/REFRESH_ISR.c **** }
 264:Generated_Source\PSoC5/REFRESH_ISR.c **** 
 265:Generated_Source\PSoC5/REFRESH_ISR.c **** 
 266:Generated_Source\PSoC5/REFRESH_ISR.c **** /*******************************************************************************
 267:Generated_Source\PSoC5/REFRESH_ISR.c **** * Function Name: REFRESH_ISR_GetPriority
 268:Generated_Source\PSoC5/REFRESH_ISR.c **** ********************************************************************************
 269:Generated_Source\PSoC5/REFRESH_ISR.c **** *
 270:Generated_Source\PSoC5/REFRESH_ISR.c **** * Summary:
 271:Generated_Source\PSoC5/REFRESH_ISR.c **** *   Gets the Priority of the Interrupt.
 272:Generated_Source\PSoC5/REFRESH_ISR.c **** *
 273:Generated_Source\PSoC5/REFRESH_ISR.c **** * Parameters:
 274:Generated_Source\PSoC5/REFRESH_ISR.c **** *   None
 275:Generated_Source\PSoC5/REFRESH_ISR.c **** *
 276:Generated_Source\PSoC5/REFRESH_ISR.c **** * Return:
 277:Generated_Source\PSoC5/REFRESH_ISR.c **** *   Priority of the interrupt, 0 being the highest priority
 278:Generated_Source\PSoC5/REFRESH_ISR.c **** *    PSoC 3 and PSoC 5LP: Priority is from 0 to 7.
 279:Generated_Source\PSoC5/REFRESH_ISR.c **** *    PSoC 4: Priority is from 0 to 3.
 280:Generated_Source\PSoC5/REFRESH_ISR.c **** *
 281:Generated_Source\PSoC5/REFRESH_ISR.c **** *******************************************************************************/
 282:Generated_Source\PSoC5/REFRESH_ISR.c **** uint8 REFRESH_ISR_GetPriority(void)
 283:Generated_Source\PSoC5/REFRESH_ISR.c **** {
 142              		.loc 1 283 0
 143              		.cfi_startproc
 144              		@ args = 0, pretend = 0, frame = 0
 145              		@ frame_needed = 0, uses_anonymous_args = 0
 146              		@ link register save eliminated.
 284:Generated_Source\PSoC5/REFRESH_ISR.c ****     uint8 priority;
 285:Generated_Source\PSoC5/REFRESH_ISR.c **** 
 286:Generated_Source\PSoC5/REFRESH_ISR.c **** 
 287:Generated_Source\PSoC5/REFRESH_ISR.c ****     priority = *REFRESH_ISR_INTC_PRIOR >> 5;
 147              		.loc 1 287 0
 148 0000 014B     		ldr	r3, .L15
 149 0002 1878     		ldrb	r0, [r3]	@ zero_extendqisi2
 150              	.LVL6:
 288:Generated_Source\PSoC5/REFRESH_ISR.c **** 
 289:Generated_Source\PSoC5/REFRESH_ISR.c ****     return priority;
 290:Generated_Source\PSoC5/REFRESH_ISR.c **** }
 151              		.loc 1 290 0
 152 0004 4009     		lsrs	r0, r0, #5
 153              	.LVL7:
 154 0006 7047     		bx	lr
 155              	.L16:
 156              		.align	2
 157              	.L15:
 158 0008 12E400E0 		.word	-536812526
 159              		.cfi_endproc
 160              	.LFE7:
 161              		.size	REFRESH_ISR_GetPriority, .-REFRESH_ISR_GetPriority
 162              		.section	.text.REFRESH_ISR_Enable,"ax",%progbits
 163              		.align	2
 164              		.global	REFRESH_ISR_Enable
 165              		.thumb
 166              		.thumb_func
ARM GAS  C:\Users\Will\AppData\Local\Temp\cctsoTrH.s 			page 9


 167              		.type	REFRESH_ISR_Enable, %function
 168              	REFRESH_ISR_Enable:
 169              	.LFB8:
 291:Generated_Source\PSoC5/REFRESH_ISR.c **** 
 292:Generated_Source\PSoC5/REFRESH_ISR.c **** 
 293:Generated_Source\PSoC5/REFRESH_ISR.c **** /*******************************************************************************
 294:Generated_Source\PSoC5/REFRESH_ISR.c **** * Function Name: REFRESH_ISR_Enable
 295:Generated_Source\PSoC5/REFRESH_ISR.c **** ********************************************************************************
 296:Generated_Source\PSoC5/REFRESH_ISR.c **** *
 297:Generated_Source\PSoC5/REFRESH_ISR.c **** * Summary:
 298:Generated_Source\PSoC5/REFRESH_ISR.c **** *   Enables the interrupt to the interrupt controller. Do not call this function
 299:Generated_Source\PSoC5/REFRESH_ISR.c **** *   unless ISR_Start() has been called or the functionality of the ISR_Start() 
 300:Generated_Source\PSoC5/REFRESH_ISR.c **** *   function, which sets the vector and the priority, has been called.
 301:Generated_Source\PSoC5/REFRESH_ISR.c **** *
 302:Generated_Source\PSoC5/REFRESH_ISR.c **** * Parameters:
 303:Generated_Source\PSoC5/REFRESH_ISR.c **** *   None
 304:Generated_Source\PSoC5/REFRESH_ISR.c **** *
 305:Generated_Source\PSoC5/REFRESH_ISR.c **** * Return:
 306:Generated_Source\PSoC5/REFRESH_ISR.c **** *   None
 307:Generated_Source\PSoC5/REFRESH_ISR.c **** *
 308:Generated_Source\PSoC5/REFRESH_ISR.c **** *******************************************************************************/
 309:Generated_Source\PSoC5/REFRESH_ISR.c **** void REFRESH_ISR_Enable(void)
 310:Generated_Source\PSoC5/REFRESH_ISR.c **** {
 170              		.loc 1 310 0
 171              		.cfi_startproc
 172              		@ args = 0, pretend = 0, frame = 0
 173              		@ frame_needed = 0, uses_anonymous_args = 0
 174              		@ link register save eliminated.
 311:Generated_Source\PSoC5/REFRESH_ISR.c ****     /* Enable the general interrupt. */
 312:Generated_Source\PSoC5/REFRESH_ISR.c ****     *REFRESH_ISR_INTC_SET_EN = REFRESH_ISR__INTC_MASK;
 175              		.loc 1 312 0
 176 0000 4FF48022 		mov	r2, #262144
 177 0004 014B     		ldr	r3, .L18
 178 0006 1A60     		str	r2, [r3]
 179 0008 7047     		bx	lr
 180              	.L19:
 181 000a 00BF     		.align	2
 182              	.L18:
 183 000c 00E100E0 		.word	-536813312
 184              		.cfi_endproc
 185              	.LFE8:
 186              		.size	REFRESH_ISR_Enable, .-REFRESH_ISR_Enable
 187              		.section	.text.REFRESH_ISR_GetState,"ax",%progbits
 188              		.align	2
 189              		.global	REFRESH_ISR_GetState
 190              		.thumb
 191              		.thumb_func
 192              		.type	REFRESH_ISR_GetState, %function
 193              	REFRESH_ISR_GetState:
 194              	.LFB9:
 313:Generated_Source\PSoC5/REFRESH_ISR.c **** }
 314:Generated_Source\PSoC5/REFRESH_ISR.c **** 
 315:Generated_Source\PSoC5/REFRESH_ISR.c **** 
 316:Generated_Source\PSoC5/REFRESH_ISR.c **** /*******************************************************************************
 317:Generated_Source\PSoC5/REFRESH_ISR.c **** * Function Name: REFRESH_ISR_GetState
 318:Generated_Source\PSoC5/REFRESH_ISR.c **** ********************************************************************************
 319:Generated_Source\PSoC5/REFRESH_ISR.c **** *
ARM GAS  C:\Users\Will\AppData\Local\Temp\cctsoTrH.s 			page 10


 320:Generated_Source\PSoC5/REFRESH_ISR.c **** * Summary:
 321:Generated_Source\PSoC5/REFRESH_ISR.c **** *   Gets the state (enabled, disabled) of the Interrupt.
 322:Generated_Source\PSoC5/REFRESH_ISR.c **** *
 323:Generated_Source\PSoC5/REFRESH_ISR.c **** * Parameters:
 324:Generated_Source\PSoC5/REFRESH_ISR.c **** *   None
 325:Generated_Source\PSoC5/REFRESH_ISR.c **** *
 326:Generated_Source\PSoC5/REFRESH_ISR.c **** * Return:
 327:Generated_Source\PSoC5/REFRESH_ISR.c **** *   1 if enabled, 0 if disabled.
 328:Generated_Source\PSoC5/REFRESH_ISR.c **** *
 329:Generated_Source\PSoC5/REFRESH_ISR.c **** *******************************************************************************/
 330:Generated_Source\PSoC5/REFRESH_ISR.c **** uint8 REFRESH_ISR_GetState(void)
 331:Generated_Source\PSoC5/REFRESH_ISR.c **** {
 195              		.loc 1 331 0
 196              		.cfi_startproc
 197              		@ args = 0, pretend = 0, frame = 0
 198              		@ frame_needed = 0, uses_anonymous_args = 0
 199              		@ link register save eliminated.
 332:Generated_Source\PSoC5/REFRESH_ISR.c ****     /* Get the state of the general interrupt. */
 333:Generated_Source\PSoC5/REFRESH_ISR.c ****     return ((*REFRESH_ISR_INTC_SET_EN & (uint32)REFRESH_ISR__INTC_MASK) != 0u) ? 1u:0u;
 200              		.loc 1 333 0
 201 0000 044B     		ldr	r3, .L23
 202 0002 1B68     		ldr	r3, [r3]
 203 0004 13F4802F 		tst	r3, #262144
 204 0008 01D0     		beq	.L22
 205 000a 0120     		movs	r0, #1
 206 000c 7047     		bx	lr
 207              	.L22:
 208 000e 0020     		movs	r0, #0
 334:Generated_Source\PSoC5/REFRESH_ISR.c **** }
 209              		.loc 1 334 0
 210 0010 7047     		bx	lr
 211              	.L24:
 212 0012 00BF     		.align	2
 213              	.L23:
 214 0014 00E100E0 		.word	-536813312
 215              		.cfi_endproc
 216              	.LFE9:
 217              		.size	REFRESH_ISR_GetState, .-REFRESH_ISR_GetState
 218              		.section	.text.REFRESH_ISR_Disable,"ax",%progbits
 219              		.align	2
 220              		.global	REFRESH_ISR_Disable
 221              		.thumb
 222              		.thumb_func
 223              		.type	REFRESH_ISR_Disable, %function
 224              	REFRESH_ISR_Disable:
 225              	.LFB10:
 335:Generated_Source\PSoC5/REFRESH_ISR.c **** 
 336:Generated_Source\PSoC5/REFRESH_ISR.c **** 
 337:Generated_Source\PSoC5/REFRESH_ISR.c **** /*******************************************************************************
 338:Generated_Source\PSoC5/REFRESH_ISR.c **** * Function Name: REFRESH_ISR_Disable
 339:Generated_Source\PSoC5/REFRESH_ISR.c **** ********************************************************************************
 340:Generated_Source\PSoC5/REFRESH_ISR.c **** *
 341:Generated_Source\PSoC5/REFRESH_ISR.c **** * Summary:
 342:Generated_Source\PSoC5/REFRESH_ISR.c **** *   Disables the Interrupt in the interrupt controller.
 343:Generated_Source\PSoC5/REFRESH_ISR.c **** *
 344:Generated_Source\PSoC5/REFRESH_ISR.c **** * Parameters:
 345:Generated_Source\PSoC5/REFRESH_ISR.c **** *   None
ARM GAS  C:\Users\Will\AppData\Local\Temp\cctsoTrH.s 			page 11


 346:Generated_Source\PSoC5/REFRESH_ISR.c **** *
 347:Generated_Source\PSoC5/REFRESH_ISR.c **** * Return:
 348:Generated_Source\PSoC5/REFRESH_ISR.c **** *   None
 349:Generated_Source\PSoC5/REFRESH_ISR.c **** *
 350:Generated_Source\PSoC5/REFRESH_ISR.c **** *******************************************************************************/
 351:Generated_Source\PSoC5/REFRESH_ISR.c **** void REFRESH_ISR_Disable(void)
 352:Generated_Source\PSoC5/REFRESH_ISR.c **** {
 226              		.loc 1 352 0
 227              		.cfi_startproc
 228              		@ args = 0, pretend = 0, frame = 0
 229              		@ frame_needed = 0, uses_anonymous_args = 0
 230              		@ link register save eliminated.
 353:Generated_Source\PSoC5/REFRESH_ISR.c ****     /* Disable the general interrupt. */
 354:Generated_Source\PSoC5/REFRESH_ISR.c ****     *REFRESH_ISR_INTC_CLR_EN = REFRESH_ISR__INTC_MASK;
 231              		.loc 1 354 0
 232 0000 4FF48022 		mov	r2, #262144
 233 0004 014B     		ldr	r3, .L26
 234 0006 1A60     		str	r2, [r3]
 235 0008 7047     		bx	lr
 236              	.L27:
 237 000a 00BF     		.align	2
 238              	.L26:
 239 000c 80E100E0 		.word	-536813184
 240              		.cfi_endproc
 241              	.LFE10:
 242              		.size	REFRESH_ISR_Disable, .-REFRESH_ISR_Disable
 243              		.section	.text.REFRESH_ISR_Start,"ax",%progbits
 244              		.align	2
 245              		.global	REFRESH_ISR_Start
 246              		.thumb
 247              		.thumb_func
 248              		.type	REFRESH_ISR_Start, %function
 249              	REFRESH_ISR_Start:
 250              	.LFB0:
  63:Generated_Source\PSoC5/REFRESH_ISR.c ****     /* For all we know the interrupt is active. */
 251              		.loc 1 63 0
 252              		.cfi_startproc
 253              		@ args = 0, pretend = 0, frame = 0
 254              		@ frame_needed = 0, uses_anonymous_args = 0
 255 0000 08B5     		push	{r3, lr}
 256              		.cfi_def_cfa_offset 8
 257              		.cfi_offset 3, -8
 258              		.cfi_offset 14, -4
  65:Generated_Source\PSoC5/REFRESH_ISR.c **** 
 259              		.loc 1 65 0
 260 0002 FFF7FEFF 		bl	REFRESH_ISR_Disable
 261              	.LVL8:
  68:Generated_Source\PSoC5/REFRESH_ISR.c **** 
 262              		.loc 1 68 0
 263 0006 0448     		ldr	r0, .L30
 264 0008 FFF7FEFF 		bl	REFRESH_ISR_SetVector
 265              	.LVL9:
  71:Generated_Source\PSoC5/REFRESH_ISR.c **** 
 266              		.loc 1 71 0
 267 000c 0720     		movs	r0, #7
 268 000e FFF7FEFF 		bl	REFRESH_ISR_SetPriority
 269              	.LVL10:
ARM GAS  C:\Users\Will\AppData\Local\Temp\cctsoTrH.s 			page 12


  74:Generated_Source\PSoC5/REFRESH_ISR.c **** }
 270              		.loc 1 74 0
 271 0012 FFF7FEFF 		bl	REFRESH_ISR_Enable
 272              	.LVL11:
 273 0016 08BD     		pop	{r3, pc}
 274              	.L31:
 275              		.align	2
 276              	.L30:
 277 0018 00000000 		.word	REFRESH_ISR_Interrupt
 278              		.cfi_endproc
 279              	.LFE0:
 280              		.size	REFRESH_ISR_Start, .-REFRESH_ISR_Start
 281              		.section	.text.REFRESH_ISR_StartEx,"ax",%progbits
 282              		.align	2
 283              		.global	REFRESH_ISR_StartEx
 284              		.thumb
 285              		.thumb_func
 286              		.type	REFRESH_ISR_StartEx, %function
 287              	REFRESH_ISR_StartEx:
 288              	.LFB1:
 106:Generated_Source\PSoC5/REFRESH_ISR.c ****     /* For all we know the interrupt is active. */
 289              		.loc 1 106 0
 290              		.cfi_startproc
 291              		@ args = 0, pretend = 0, frame = 0
 292              		@ frame_needed = 0, uses_anonymous_args = 0
 293              	.LVL12:
 294 0000 10B5     		push	{r4, lr}
 295              		.cfi_def_cfa_offset 8
 296              		.cfi_offset 4, -8
 297              		.cfi_offset 14, -4
 298 0002 0446     		mov	r4, r0
 108:Generated_Source\PSoC5/REFRESH_ISR.c **** 
 299              		.loc 1 108 0
 300 0004 FFF7FEFF 		bl	REFRESH_ISR_Disable
 301              	.LVL13:
 111:Generated_Source\PSoC5/REFRESH_ISR.c **** 
 302              		.loc 1 111 0
 303 0008 2046     		mov	r0, r4
 304 000a FFF7FEFF 		bl	REFRESH_ISR_SetVector
 305              	.LVL14:
 114:Generated_Source\PSoC5/REFRESH_ISR.c **** 
 306              		.loc 1 114 0
 307 000e 0720     		movs	r0, #7
 308 0010 FFF7FEFF 		bl	REFRESH_ISR_SetPriority
 309              	.LVL15:
 117:Generated_Source\PSoC5/REFRESH_ISR.c **** }
 310              		.loc 1 117 0
 311 0014 FFF7FEFF 		bl	REFRESH_ISR_Enable
 312              	.LVL16:
 313 0018 10BD     		pop	{r4, pc}
 314              		.cfi_endproc
 315              	.LFE1:
 316              		.size	REFRESH_ISR_StartEx, .-REFRESH_ISR_StartEx
 317 001a 00BF     		.section	.text.REFRESH_ISR_Stop,"ax",%progbits
 318              		.align	2
 319              		.global	REFRESH_ISR_Stop
 320              		.thumb
ARM GAS  C:\Users\Will\AppData\Local\Temp\cctsoTrH.s 			page 13


 321              		.thumb_func
 322              		.type	REFRESH_ISR_Stop, %function
 323              	REFRESH_ISR_Stop:
 324              	.LFB2:
 136:Generated_Source\PSoC5/REFRESH_ISR.c ****     /* Disable this interrupt. */
 325              		.loc 1 136 0
 326              		.cfi_startproc
 327              		@ args = 0, pretend = 0, frame = 0
 328              		@ frame_needed = 0, uses_anonymous_args = 0
 329 0000 08B5     		push	{r3, lr}
 330              		.cfi_def_cfa_offset 8
 331              		.cfi_offset 3, -8
 332              		.cfi_offset 14, -4
 138:Generated_Source\PSoC5/REFRESH_ISR.c **** 
 333              		.loc 1 138 0
 334 0002 FFF7FEFF 		bl	REFRESH_ISR_Disable
 335              	.LVL17:
 141:Generated_Source\PSoC5/REFRESH_ISR.c **** }
 336              		.loc 1 141 0
 337 0006 0248     		ldr	r0, .L36
 338 0008 FFF7FEFF 		bl	REFRESH_ISR_SetVector
 339              	.LVL18:
 340 000c 08BD     		pop	{r3, pc}
 341              	.L37:
 342 000e 00BF     		.align	2
 343              	.L36:
 344 0010 00000000 		.word	IntDefaultHandler
 345              		.cfi_endproc
 346              	.LFE2:
 347              		.size	REFRESH_ISR_Stop, .-REFRESH_ISR_Stop
 348              		.section	.text.REFRESH_ISR_SetPending,"ax",%progbits
 349              		.align	2
 350              		.global	REFRESH_ISR_SetPending
 351              		.thumb
 352              		.thumb_func
 353              		.type	REFRESH_ISR_SetPending, %function
 354              	REFRESH_ISR_SetPending:
 355              	.LFB11:
 355:Generated_Source\PSoC5/REFRESH_ISR.c **** }
 356:Generated_Source\PSoC5/REFRESH_ISR.c **** 
 357:Generated_Source\PSoC5/REFRESH_ISR.c **** 
 358:Generated_Source\PSoC5/REFRESH_ISR.c **** /*******************************************************************************
 359:Generated_Source\PSoC5/REFRESH_ISR.c **** * Function Name: REFRESH_ISR_SetPending
 360:Generated_Source\PSoC5/REFRESH_ISR.c **** ********************************************************************************
 361:Generated_Source\PSoC5/REFRESH_ISR.c **** *
 362:Generated_Source\PSoC5/REFRESH_ISR.c **** * Summary:
 363:Generated_Source\PSoC5/REFRESH_ISR.c **** *   Causes the Interrupt to enter the pending state, a software method of
 364:Generated_Source\PSoC5/REFRESH_ISR.c **** *   generating the interrupt.
 365:Generated_Source\PSoC5/REFRESH_ISR.c **** *
 366:Generated_Source\PSoC5/REFRESH_ISR.c **** * Parameters:
 367:Generated_Source\PSoC5/REFRESH_ISR.c **** *   None
 368:Generated_Source\PSoC5/REFRESH_ISR.c **** *
 369:Generated_Source\PSoC5/REFRESH_ISR.c **** * Return:
 370:Generated_Source\PSoC5/REFRESH_ISR.c **** *   None
 371:Generated_Source\PSoC5/REFRESH_ISR.c **** *
 372:Generated_Source\PSoC5/REFRESH_ISR.c **** * Side Effects:
 373:Generated_Source\PSoC5/REFRESH_ISR.c **** *   If interrupts are enabled and the interrupt is set up properly, the ISR is
ARM GAS  C:\Users\Will\AppData\Local\Temp\cctsoTrH.s 			page 14


 374:Generated_Source\PSoC5/REFRESH_ISR.c **** *   entered (depending on the priority of this interrupt and other pending 
 375:Generated_Source\PSoC5/REFRESH_ISR.c **** *   interrupts).
 376:Generated_Source\PSoC5/REFRESH_ISR.c **** *
 377:Generated_Source\PSoC5/REFRESH_ISR.c **** *******************************************************************************/
 378:Generated_Source\PSoC5/REFRESH_ISR.c **** void REFRESH_ISR_SetPending(void)
 379:Generated_Source\PSoC5/REFRESH_ISR.c **** {
 356              		.loc 1 379 0
 357              		.cfi_startproc
 358              		@ args = 0, pretend = 0, frame = 0
 359              		@ frame_needed = 0, uses_anonymous_args = 0
 360              		@ link register save eliminated.
 380:Generated_Source\PSoC5/REFRESH_ISR.c ****     *REFRESH_ISR_INTC_SET_PD = REFRESH_ISR__INTC_MASK;
 361              		.loc 1 380 0
 362 0000 4FF48022 		mov	r2, #262144
 363 0004 014B     		ldr	r3, .L39
 364 0006 1A60     		str	r2, [r3]
 365 0008 7047     		bx	lr
 366              	.L40:
 367 000a 00BF     		.align	2
 368              	.L39:
 369 000c 00E200E0 		.word	-536813056
 370              		.cfi_endproc
 371              	.LFE11:
 372              		.size	REFRESH_ISR_SetPending, .-REFRESH_ISR_SetPending
 373              		.section	.text.REFRESH_ISR_ClearPending,"ax",%progbits
 374              		.align	2
 375              		.global	REFRESH_ISR_ClearPending
 376              		.thumb
 377              		.thumb_func
 378              		.type	REFRESH_ISR_ClearPending, %function
 379              	REFRESH_ISR_ClearPending:
 380              	.LFB12:
 381:Generated_Source\PSoC5/REFRESH_ISR.c **** }
 382:Generated_Source\PSoC5/REFRESH_ISR.c **** 
 383:Generated_Source\PSoC5/REFRESH_ISR.c **** 
 384:Generated_Source\PSoC5/REFRESH_ISR.c **** /*******************************************************************************
 385:Generated_Source\PSoC5/REFRESH_ISR.c **** * Function Name: REFRESH_ISR_ClearPending
 386:Generated_Source\PSoC5/REFRESH_ISR.c **** ********************************************************************************
 387:Generated_Source\PSoC5/REFRESH_ISR.c **** *
 388:Generated_Source\PSoC5/REFRESH_ISR.c **** * Summary:
 389:Generated_Source\PSoC5/REFRESH_ISR.c **** *   Clears a pending interrupt in the interrupt controller.
 390:Generated_Source\PSoC5/REFRESH_ISR.c **** *
 391:Generated_Source\PSoC5/REFRESH_ISR.c **** *   Note Some interrupt sources are clear-on-read and require the block 
 392:Generated_Source\PSoC5/REFRESH_ISR.c **** *   interrupt/status register to be read/cleared with the appropriate block API 
 393:Generated_Source\PSoC5/REFRESH_ISR.c **** *   (GPIO, UART, and so on). Otherwise the ISR will continue to remain in 
 394:Generated_Source\PSoC5/REFRESH_ISR.c **** *   pending state even though the interrupt itself is cleared using this API.
 395:Generated_Source\PSoC5/REFRESH_ISR.c **** *
 396:Generated_Source\PSoC5/REFRESH_ISR.c **** * Parameters:
 397:Generated_Source\PSoC5/REFRESH_ISR.c **** *   None
 398:Generated_Source\PSoC5/REFRESH_ISR.c **** *
 399:Generated_Source\PSoC5/REFRESH_ISR.c **** * Return:
 400:Generated_Source\PSoC5/REFRESH_ISR.c **** *   None
 401:Generated_Source\PSoC5/REFRESH_ISR.c **** *
 402:Generated_Source\PSoC5/REFRESH_ISR.c **** *******************************************************************************/
 403:Generated_Source\PSoC5/REFRESH_ISR.c **** void REFRESH_ISR_ClearPending(void)
 404:Generated_Source\PSoC5/REFRESH_ISR.c **** {
 381              		.loc 1 404 0
ARM GAS  C:\Users\Will\AppData\Local\Temp\cctsoTrH.s 			page 15


 382              		.cfi_startproc
 383              		@ args = 0, pretend = 0, frame = 0
 384              		@ frame_needed = 0, uses_anonymous_args = 0
 385              		@ link register save eliminated.
 405:Generated_Source\PSoC5/REFRESH_ISR.c ****     *REFRESH_ISR_INTC_CLR_PD = REFRESH_ISR__INTC_MASK;
 386              		.loc 1 405 0
 387 0000 4FF48022 		mov	r2, #262144
 388 0004 014B     		ldr	r3, .L42
 389 0006 1A60     		str	r2, [r3]
 390 0008 7047     		bx	lr
 391              	.L43:
 392 000a 00BF     		.align	2
 393              	.L42:
 394 000c 80E200E0 		.word	-536812928
 395              		.cfi_endproc
 396              	.LFE12:
 397              		.size	REFRESH_ISR_ClearPending, .-REFRESH_ISR_ClearPending
 398              		.comm	timer_isr_flag,1,1
 399              		.text
 400              	.Letext0:
 401              		.file 2 "Generated_Source\\PSoC5/cytypes.h"
 402              		.file 3 "Generated_Source\\PSoC5\\TIMER.h"
 403              		.section	.debug_info,"",%progbits
 404              	.Ldebug_info0:
 405 0000 F8020000 		.4byte	0x2f8
 406 0004 0400     		.2byte	0x4
 407 0006 00000000 		.4byte	.Ldebug_abbrev0
 408 000a 04       		.byte	0x4
 409 000b 01       		.uleb128 0x1
 410 000c 5C010000 		.4byte	.LASF34
 411 0010 0C       		.byte	0xc
 412 0011 18010000 		.4byte	.LASF35
 413 0015 52000000 		.4byte	.LASF36
 414 0019 00000000 		.4byte	.Ldebug_ranges0+0
 415 001d 00000000 		.4byte	0
 416 0021 00000000 		.4byte	.Ldebug_line0
 417 0025 02       		.uleb128 0x2
 418 0026 04       		.byte	0x4
 419 0027 05       		.byte	0x5
 420 0028 696E7400 		.ascii	"int\000"
 421 002c 03       		.uleb128 0x3
 422 002d 04       		.byte	0x4
 423 002e 07       		.byte	0x7
 424 002f 89020000 		.4byte	.LASF0
 425 0033 03       		.uleb128 0x3
 426 0034 08       		.byte	0x8
 427 0035 05       		.byte	0x5
 428 0036 E4020000 		.4byte	.LASF1
 429 003a 03       		.uleb128 0x3
 430 003b 08       		.byte	0x8
 431 003c 04       		.byte	0x4
 432 003d 4A030000 		.4byte	.LASF2
 433 0041 03       		.uleb128 0x3
 434 0042 01       		.byte	0x1
 435 0043 06       		.byte	0x6
 436 0044 56030000 		.4byte	.LASF3
 437 0048 03       		.uleb128 0x3
ARM GAS  C:\Users\Will\AppData\Local\Temp\cctsoTrH.s 			page 16


 438 0049 01       		.byte	0x1
 439 004a 08       		.byte	0x8
 440 004b 4E010000 		.4byte	.LASF4
 441 004f 03       		.uleb128 0x3
 442 0050 02       		.byte	0x2
 443 0051 05       		.byte	0x5
 444 0052 06030000 		.4byte	.LASF5
 445 0056 03       		.uleb128 0x3
 446 0057 02       		.byte	0x2
 447 0058 07       		.byte	0x7
 448 0059 3F000000 		.4byte	.LASF6
 449 005d 03       		.uleb128 0x3
 450 005e 04       		.byte	0x4
 451 005f 05       		.byte	0x5
 452 0060 28030000 		.4byte	.LASF7
 453 0064 03       		.uleb128 0x3
 454 0065 04       		.byte	0x4
 455 0066 07       		.byte	0x7
 456 0067 EF010000 		.4byte	.LASF8
 457 006b 03       		.uleb128 0x3
 458 006c 08       		.byte	0x8
 459 006d 07       		.byte	0x7
 460 006e 9E020000 		.4byte	.LASF9
 461 0072 03       		.uleb128 0x3
 462 0073 04       		.byte	0x4
 463 0074 07       		.byte	0x7
 464 0075 DB020000 		.4byte	.LASF10
 465 0079 03       		.uleb128 0x3
 466 007a 01       		.byte	0x1
 467 007b 08       		.byte	0x8
 468 007c F2020000 		.4byte	.LASF11
 469 0080 04       		.uleb128 0x4
 470 0081 04       		.byte	0x4
 471 0082 86000000 		.4byte	0x86
 472 0086 05       		.uleb128 0x5
 473 0087 06       		.uleb128 0x6
 474 0088 01020000 		.4byte	.LASF12
 475 008c 02       		.byte	0x2
 476 008d E901     		.2byte	0x1e9
 477 008f 48000000 		.4byte	0x48
 478 0093 06       		.uleb128 0x6
 479 0094 6A020000 		.4byte	.LASF13
 480 0098 02       		.byte	0x2
 481 0099 EB01     		.2byte	0x1eb
 482 009b 64000000 		.4byte	0x64
 483 009f 03       		.uleb128 0x3
 484 00a0 04       		.byte	0x4
 485 00a1 04       		.byte	0x4
 486 00a2 12010000 		.4byte	.LASF14
 487 00a6 03       		.uleb128 0x3
 488 00a7 08       		.byte	0x8
 489 00a8 04       		.byte	0x4
 490 00a9 3C020000 		.4byte	.LASF15
 491 00ad 06       		.uleb128 0x6
 492 00ae EA010000 		.4byte	.LASF16
 493 00b2 02       		.byte	0x2
 494 00b3 9302     		.2byte	0x293
ARM GAS  C:\Users\Will\AppData\Local\Temp\cctsoTrH.s 			page 17


 495 00b5 B9000000 		.4byte	0xb9
 496 00b9 07       		.uleb128 0x7
 497 00ba 87000000 		.4byte	0x87
 498 00be 06       		.uleb128 0x6
 499 00bf 00000000 		.4byte	.LASF17
 500 00c3 02       		.byte	0x2
 501 00c4 9502     		.2byte	0x295
 502 00c6 CA000000 		.4byte	0xca
 503 00ca 07       		.uleb128 0x7
 504 00cb 93000000 		.4byte	0x93
 505 00cf 06       		.uleb128 0x6
 506 00d0 B5020000 		.4byte	.LASF18
 507 00d4 02       		.byte	0x2
 508 00d5 A502     		.2byte	0x2a5
 509 00d7 80000000 		.4byte	0x80
 510 00db 08       		.uleb128 0x8
 511 00dc 26020000 		.4byte	.LASF19
 512 00e0 01       		.byte	0x1
 513 00e1 A1       		.byte	0xa1
 514 00e2 00000000 		.4byte	.LFB3
 515 00e6 14000000 		.4byte	.LFE3-.LFB3
 516 00ea 01       		.uleb128 0x1
 517 00eb 9C       		.byte	0x9c
 518 00ec FA000000 		.4byte	0xfa
 519 00f0 09       		.uleb128 0x9
 520 00f1 0C000000 		.4byte	.LVL0
 521 00f5 F0020000 		.4byte	0x2f0
 522 00f9 00       		.byte	0
 523 00fa 08       		.uleb128 0x8
 524 00fb 06000000 		.4byte	.LASF20
 525 00ff 01       		.byte	0x1
 526 0100 CA       		.byte	0xca
 527 0101 00000000 		.4byte	.LFB4
 528 0105 10000000 		.4byte	.LFE4-.LFB4
 529 0109 01       		.uleb128 0x1
 530 010a 9C       		.byte	0x9c
 531 010b 2A010000 		.4byte	0x12a
 532 010f 0A       		.uleb128 0xa
 533 0110 96020000 		.4byte	.LASF23
 534 0114 01       		.byte	0x1
 535 0115 CA       		.byte	0xca
 536 0116 CF000000 		.4byte	0xcf
 537 011a 01       		.uleb128 0x1
 538 011b 50       		.byte	0x50
 539 011c 0B       		.uleb128 0xb
 540 011d F7020000 		.4byte	.LASF21
 541 0121 01       		.byte	0x1
 542 0122 CC       		.byte	0xcc
 543 0123 2A010000 		.4byte	0x12a
 544 0127 01       		.uleb128 0x1
 545 0128 53       		.byte	0x53
 546 0129 00       		.byte	0
 547 012a 04       		.uleb128 0x4
 548 012b 04       		.byte	0x4
 549 012c CF000000 		.4byte	0xcf
 550 0130 0C       		.uleb128 0xc
 551 0131 10020000 		.4byte	.LASF25
ARM GAS  C:\Users\Will\AppData\Local\Temp\cctsoTrH.s 			page 18


 552 0135 01       		.byte	0x1
 553 0136 E2       		.byte	0xe2
 554 0137 CF000000 		.4byte	0xcf
 555 013b 00000000 		.4byte	.LFB5
 556 013f 10000000 		.4byte	.LFE5-.LFB5
 557 0143 01       		.uleb128 0x1
 558 0144 9C       		.byte	0x9c
 559 0145 57010000 		.4byte	0x157
 560 0149 0B       		.uleb128 0xb
 561 014a F7020000 		.4byte	.LASF21
 562 014e 01       		.byte	0x1
 563 014f E4       		.byte	0xe4
 564 0150 2A010000 		.4byte	0x12a
 565 0154 01       		.uleb128 0x1
 566 0155 53       		.byte	0x53
 567 0156 00       		.byte	0
 568 0157 0D       		.uleb128 0xd
 569 0158 10030000 		.4byte	.LASF22
 570 015c 01       		.byte	0x1
 571 015d 0401     		.2byte	0x104
 572 015f 00000000 		.4byte	.LFB6
 573 0163 10000000 		.4byte	.LFE6-.LFB6
 574 0167 01       		.uleb128 0x1
 575 0168 9C       		.byte	0x9c
 576 0169 7E010000 		.4byte	0x17e
 577 016d 0E       		.uleb128 0xe
 578 016e 07020000 		.4byte	.LASF24
 579 0172 01       		.byte	0x1
 580 0173 0401     		.2byte	0x104
 581 0175 87000000 		.4byte	0x87
 582 0179 00000000 		.4byte	.LLST0
 583 017d 00       		.byte	0
 584 017e 0F       		.uleb128 0xf
 585 017f 71020000 		.4byte	.LASF26
 586 0183 01       		.byte	0x1
 587 0184 1A01     		.2byte	0x11a
 588 0186 87000000 		.4byte	0x87
 589 018a 00000000 		.4byte	.LFB7
 590 018e 0C000000 		.4byte	.LFE7-.LFB7
 591 0192 01       		.uleb128 0x1
 592 0193 9C       		.byte	0x9c
 593 0194 A9010000 		.4byte	0x1a9
 594 0198 10       		.uleb128 0x10
 595 0199 07020000 		.4byte	.LASF24
 596 019d 01       		.byte	0x1
 597 019e 1C01     		.2byte	0x11c
 598 01a0 87000000 		.4byte	0x87
 599 01a4 21000000 		.4byte	.LLST1
 600 01a8 00       		.byte	0
 601 01a9 11       		.uleb128 0x11
 602 01aa FF000000 		.4byte	.LASF27
 603 01ae 01       		.byte	0x1
 604 01af 3501     		.2byte	0x135
 605 01b1 00000000 		.4byte	.LFB8
 606 01b5 10000000 		.4byte	.LFE8-.LFB8
 607 01b9 01       		.uleb128 0x1
 608 01ba 9C       		.byte	0x9c
ARM GAS  C:\Users\Will\AppData\Local\Temp\cctsoTrH.s 			page 19


 609 01bb 12       		.uleb128 0x12
 610 01bc 55020000 		.4byte	.LASF37
 611 01c0 01       		.byte	0x1
 612 01c1 4A01     		.2byte	0x14a
 613 01c3 87000000 		.4byte	0x87
 614 01c7 00000000 		.4byte	.LFB9
 615 01cb 18000000 		.4byte	.LFE9-.LFB9
 616 01cf 01       		.uleb128 0x1
 617 01d0 9C       		.byte	0x9c
 618 01d1 11       		.uleb128 0x11
 619 01d2 62030000 		.4byte	.LASF28
 620 01d6 01       		.byte	0x1
 621 01d7 5F01     		.2byte	0x15f
 622 01d9 00000000 		.4byte	.LFB10
 623 01dd 10000000 		.4byte	.LFE10-.LFB10
 624 01e1 01       		.uleb128 0x1
 625 01e2 9C       		.byte	0x9c
 626 01e3 08       		.uleb128 0x8
 627 01e4 43020000 		.4byte	.LASF29
 628 01e8 01       		.byte	0x1
 629 01e9 3E       		.byte	0x3e
 630 01ea 00000000 		.4byte	.LFB0
 631 01ee 1C000000 		.4byte	.LFE0-.LFB0
 632 01f2 01       		.uleb128 0x1
 633 01f3 9C       		.byte	0x9c
 634 01f4 35020000 		.4byte	0x235
 635 01f8 09       		.uleb128 0x9
 636 01f9 06000000 		.4byte	.LVL8
 637 01fd D1010000 		.4byte	0x1d1
 638 0201 13       		.uleb128 0x13
 639 0202 0C000000 		.4byte	.LVL9
 640 0206 FA000000 		.4byte	0xfa
 641 020a 18020000 		.4byte	0x218
 642 020e 14       		.uleb128 0x14
 643 020f 01       		.uleb128 0x1
 644 0210 50       		.byte	0x50
 645 0211 05       		.uleb128 0x5
 646 0212 03       		.byte	0x3
 647 0213 00000000 		.4byte	REFRESH_ISR_Interrupt
 648 0217 00       		.byte	0
 649 0218 13       		.uleb128 0x13
 650 0219 12000000 		.4byte	.LVL10
 651 021d 57010000 		.4byte	0x157
 652 0221 2B020000 		.4byte	0x22b
 653 0225 14       		.uleb128 0x14
 654 0226 01       		.uleb128 0x1
 655 0227 50       		.byte	0x50
 656 0228 01       		.uleb128 0x1
 657 0229 37       		.byte	0x37
 658 022a 00       		.byte	0
 659 022b 09       		.uleb128 0x9
 660 022c 16000000 		.4byte	.LVL11
 661 0230 A9010000 		.4byte	0x1a9
 662 0234 00       		.byte	0
 663 0235 08       		.uleb128 0x8
 664 0236 1C000000 		.4byte	.LASF30
 665 023a 01       		.byte	0x1
ARM GAS  C:\Users\Will\AppData\Local\Temp\cctsoTrH.s 			page 20


 666 023b 69       		.byte	0x69
 667 023c 00000000 		.4byte	.LFB1
 668 0240 1A000000 		.4byte	.LFE1-.LFB1
 669 0244 01       		.uleb128 0x1
 670 0245 9C       		.byte	0x9c
 671 0246 93020000 		.4byte	0x293
 672 024a 15       		.uleb128 0x15
 673 024b 96020000 		.4byte	.LASF23
 674 024f 01       		.byte	0x1
 675 0250 69       		.byte	0x69
 676 0251 CF000000 		.4byte	0xcf
 677 0255 38000000 		.4byte	.LLST2
 678 0259 09       		.uleb128 0x9
 679 025a 08000000 		.4byte	.LVL13
 680 025e D1010000 		.4byte	0x1d1
 681 0262 13       		.uleb128 0x13
 682 0263 0E000000 		.4byte	.LVL14
 683 0267 FA000000 		.4byte	0xfa
 684 026b 76020000 		.4byte	0x276
 685 026f 14       		.uleb128 0x14
 686 0270 01       		.uleb128 0x1
 687 0271 50       		.byte	0x50
 688 0272 02       		.uleb128 0x2
 689 0273 74       		.byte	0x74
 690 0274 00       		.sleb128 0
 691 0275 00       		.byte	0
 692 0276 13       		.uleb128 0x13
 693 0277 14000000 		.4byte	.LVL15
 694 027b 57010000 		.4byte	0x157
 695 027f 89020000 		.4byte	0x289
 696 0283 14       		.uleb128 0x14
 697 0284 01       		.uleb128 0x1
 698 0285 50       		.byte	0x50
 699 0286 01       		.uleb128 0x1
 700 0287 37       		.byte	0x37
 701 0288 00       		.byte	0
 702 0289 09       		.uleb128 0x9
 703 028a 18000000 		.4byte	.LVL16
 704 028e A9010000 		.4byte	0x1a9
 705 0292 00       		.byte	0
 706 0293 08       		.uleb128 0x8
 707 0294 3D010000 		.4byte	.LASF31
 708 0298 01       		.byte	0x1
 709 0299 87       		.byte	0x87
 710 029a 00000000 		.4byte	.LFB2
 711 029e 14000000 		.4byte	.LFE2-.LFB2
 712 02a2 01       		.uleb128 0x1
 713 02a3 9C       		.byte	0x9c
 714 02a4 BB020000 		.4byte	0x2bb
 715 02a8 09       		.uleb128 0x9
 716 02a9 06000000 		.4byte	.LVL17
 717 02ad D1010000 		.4byte	0x1d1
 718 02b1 09       		.uleb128 0x9
 719 02b2 0C000000 		.4byte	.LVL18
 720 02b6 FA000000 		.4byte	0xfa
 721 02ba 00       		.byte	0
 722 02bb 11       		.uleb128 0x11
ARM GAS  C:\Users\Will\AppData\Local\Temp\cctsoTrH.s 			page 21


 723 02bc E8000000 		.4byte	.LASF32
 724 02c0 01       		.byte	0x1
 725 02c1 7A01     		.2byte	0x17a
 726 02c3 00000000 		.4byte	.LFB11
 727 02c7 10000000 		.4byte	.LFE11-.LFB11
 728 02cb 01       		.uleb128 0x1
 729 02cc 9C       		.byte	0x9c
 730 02cd 11       		.uleb128 0x11
 731 02ce C2020000 		.4byte	.LASF33
 732 02d2 01       		.byte	0x1
 733 02d3 9301     		.2byte	0x193
 734 02d5 00000000 		.4byte	.LFB12
 735 02d9 10000000 		.4byte	.LFE12-.LFB12
 736 02dd 01       		.uleb128 0x1
 737 02de 9C       		.byte	0x9c
 738 02df 16       		.uleb128 0x16
 739 02e0 30000000 		.4byte	.LASF38
 740 02e4 01       		.byte	0x1
 741 02e5 1F       		.byte	0x1f
 742 02e6 B9000000 		.4byte	0xb9
 743 02ea 05       		.uleb128 0x5
 744 02eb 03       		.byte	0x3
 745 02ec 00000000 		.4byte	timer_isr_flag
 746 02f0 17       		.uleb128 0x17
 747 02f1 31030000 		.4byte	.LASF39
 748 02f5 31030000 		.4byte	.LASF39
 749 02f9 03       		.byte	0x3
 750 02fa 5E       		.byte	0x5e
 751 02fb 00       		.byte	0
 752              		.section	.debug_abbrev,"",%progbits
 753              	.Ldebug_abbrev0:
 754 0000 01       		.uleb128 0x1
 755 0001 11       		.uleb128 0x11
 756 0002 01       		.byte	0x1
 757 0003 25       		.uleb128 0x25
 758 0004 0E       		.uleb128 0xe
 759 0005 13       		.uleb128 0x13
 760 0006 0B       		.uleb128 0xb
 761 0007 03       		.uleb128 0x3
 762 0008 0E       		.uleb128 0xe
 763 0009 1B       		.uleb128 0x1b
 764 000a 0E       		.uleb128 0xe
 765 000b 55       		.uleb128 0x55
 766 000c 17       		.uleb128 0x17
 767 000d 11       		.uleb128 0x11
 768 000e 01       		.uleb128 0x1
 769 000f 10       		.uleb128 0x10
 770 0010 17       		.uleb128 0x17
 771 0011 00       		.byte	0
 772 0012 00       		.byte	0
 773 0013 02       		.uleb128 0x2
 774 0014 24       		.uleb128 0x24
 775 0015 00       		.byte	0
 776 0016 0B       		.uleb128 0xb
 777 0017 0B       		.uleb128 0xb
 778 0018 3E       		.uleb128 0x3e
 779 0019 0B       		.uleb128 0xb
ARM GAS  C:\Users\Will\AppData\Local\Temp\cctsoTrH.s 			page 22


 780 001a 03       		.uleb128 0x3
 781 001b 08       		.uleb128 0x8
 782 001c 00       		.byte	0
 783 001d 00       		.byte	0
 784 001e 03       		.uleb128 0x3
 785 001f 24       		.uleb128 0x24
 786 0020 00       		.byte	0
 787 0021 0B       		.uleb128 0xb
 788 0022 0B       		.uleb128 0xb
 789 0023 3E       		.uleb128 0x3e
 790 0024 0B       		.uleb128 0xb
 791 0025 03       		.uleb128 0x3
 792 0026 0E       		.uleb128 0xe
 793 0027 00       		.byte	0
 794 0028 00       		.byte	0
 795 0029 04       		.uleb128 0x4
 796 002a 0F       		.uleb128 0xf
 797 002b 00       		.byte	0
 798 002c 0B       		.uleb128 0xb
 799 002d 0B       		.uleb128 0xb
 800 002e 49       		.uleb128 0x49
 801 002f 13       		.uleb128 0x13
 802 0030 00       		.byte	0
 803 0031 00       		.byte	0
 804 0032 05       		.uleb128 0x5
 805 0033 15       		.uleb128 0x15
 806 0034 00       		.byte	0
 807 0035 27       		.uleb128 0x27
 808 0036 19       		.uleb128 0x19
 809 0037 00       		.byte	0
 810 0038 00       		.byte	0
 811 0039 06       		.uleb128 0x6
 812 003a 16       		.uleb128 0x16
 813 003b 00       		.byte	0
 814 003c 03       		.uleb128 0x3
 815 003d 0E       		.uleb128 0xe
 816 003e 3A       		.uleb128 0x3a
 817 003f 0B       		.uleb128 0xb
 818 0040 3B       		.uleb128 0x3b
 819 0041 05       		.uleb128 0x5
 820 0042 49       		.uleb128 0x49
 821 0043 13       		.uleb128 0x13
 822 0044 00       		.byte	0
 823 0045 00       		.byte	0
 824 0046 07       		.uleb128 0x7
 825 0047 35       		.uleb128 0x35
 826 0048 00       		.byte	0
 827 0049 49       		.uleb128 0x49
 828 004a 13       		.uleb128 0x13
 829 004b 00       		.byte	0
 830 004c 00       		.byte	0
 831 004d 08       		.uleb128 0x8
 832 004e 2E       		.uleb128 0x2e
 833 004f 01       		.byte	0x1
 834 0050 3F       		.uleb128 0x3f
 835 0051 19       		.uleb128 0x19
 836 0052 03       		.uleb128 0x3
ARM GAS  C:\Users\Will\AppData\Local\Temp\cctsoTrH.s 			page 23


 837 0053 0E       		.uleb128 0xe
 838 0054 3A       		.uleb128 0x3a
 839 0055 0B       		.uleb128 0xb
 840 0056 3B       		.uleb128 0x3b
 841 0057 0B       		.uleb128 0xb
 842 0058 27       		.uleb128 0x27
 843 0059 19       		.uleb128 0x19
 844 005a 11       		.uleb128 0x11
 845 005b 01       		.uleb128 0x1
 846 005c 12       		.uleb128 0x12
 847 005d 06       		.uleb128 0x6
 848 005e 40       		.uleb128 0x40
 849 005f 18       		.uleb128 0x18
 850 0060 9742     		.uleb128 0x2117
 851 0062 19       		.uleb128 0x19
 852 0063 01       		.uleb128 0x1
 853 0064 13       		.uleb128 0x13
 854 0065 00       		.byte	0
 855 0066 00       		.byte	0
 856 0067 09       		.uleb128 0x9
 857 0068 898201   		.uleb128 0x4109
 858 006b 00       		.byte	0
 859 006c 11       		.uleb128 0x11
 860 006d 01       		.uleb128 0x1
 861 006e 31       		.uleb128 0x31
 862 006f 13       		.uleb128 0x13
 863 0070 00       		.byte	0
 864 0071 00       		.byte	0
 865 0072 0A       		.uleb128 0xa
 866 0073 05       		.uleb128 0x5
 867 0074 00       		.byte	0
 868 0075 03       		.uleb128 0x3
 869 0076 0E       		.uleb128 0xe
 870 0077 3A       		.uleb128 0x3a
 871 0078 0B       		.uleb128 0xb
 872 0079 3B       		.uleb128 0x3b
 873 007a 0B       		.uleb128 0xb
 874 007b 49       		.uleb128 0x49
 875 007c 13       		.uleb128 0x13
 876 007d 02       		.uleb128 0x2
 877 007e 18       		.uleb128 0x18
 878 007f 00       		.byte	0
 879 0080 00       		.byte	0
 880 0081 0B       		.uleb128 0xb
 881 0082 34       		.uleb128 0x34
 882 0083 00       		.byte	0
 883 0084 03       		.uleb128 0x3
 884 0085 0E       		.uleb128 0xe
 885 0086 3A       		.uleb128 0x3a
 886 0087 0B       		.uleb128 0xb
 887 0088 3B       		.uleb128 0x3b
 888 0089 0B       		.uleb128 0xb
 889 008a 49       		.uleb128 0x49
 890 008b 13       		.uleb128 0x13
 891 008c 02       		.uleb128 0x2
 892 008d 18       		.uleb128 0x18
 893 008e 00       		.byte	0
ARM GAS  C:\Users\Will\AppData\Local\Temp\cctsoTrH.s 			page 24


 894 008f 00       		.byte	0
 895 0090 0C       		.uleb128 0xc
 896 0091 2E       		.uleb128 0x2e
 897 0092 01       		.byte	0x1
 898 0093 3F       		.uleb128 0x3f
 899 0094 19       		.uleb128 0x19
 900 0095 03       		.uleb128 0x3
 901 0096 0E       		.uleb128 0xe
 902 0097 3A       		.uleb128 0x3a
 903 0098 0B       		.uleb128 0xb
 904 0099 3B       		.uleb128 0x3b
 905 009a 0B       		.uleb128 0xb
 906 009b 27       		.uleb128 0x27
 907 009c 19       		.uleb128 0x19
 908 009d 49       		.uleb128 0x49
 909 009e 13       		.uleb128 0x13
 910 009f 11       		.uleb128 0x11
 911 00a0 01       		.uleb128 0x1
 912 00a1 12       		.uleb128 0x12
 913 00a2 06       		.uleb128 0x6
 914 00a3 40       		.uleb128 0x40
 915 00a4 18       		.uleb128 0x18
 916 00a5 9742     		.uleb128 0x2117
 917 00a7 19       		.uleb128 0x19
 918 00a8 01       		.uleb128 0x1
 919 00a9 13       		.uleb128 0x13
 920 00aa 00       		.byte	0
 921 00ab 00       		.byte	0
 922 00ac 0D       		.uleb128 0xd
 923 00ad 2E       		.uleb128 0x2e
 924 00ae 01       		.byte	0x1
 925 00af 3F       		.uleb128 0x3f
 926 00b0 19       		.uleb128 0x19
 927 00b1 03       		.uleb128 0x3
 928 00b2 0E       		.uleb128 0xe
 929 00b3 3A       		.uleb128 0x3a
 930 00b4 0B       		.uleb128 0xb
 931 00b5 3B       		.uleb128 0x3b
 932 00b6 05       		.uleb128 0x5
 933 00b7 27       		.uleb128 0x27
 934 00b8 19       		.uleb128 0x19
 935 00b9 11       		.uleb128 0x11
 936 00ba 01       		.uleb128 0x1
 937 00bb 12       		.uleb128 0x12
 938 00bc 06       		.uleb128 0x6
 939 00bd 40       		.uleb128 0x40
 940 00be 18       		.uleb128 0x18
 941 00bf 9742     		.uleb128 0x2117
 942 00c1 19       		.uleb128 0x19
 943 00c2 01       		.uleb128 0x1
 944 00c3 13       		.uleb128 0x13
 945 00c4 00       		.byte	0
 946 00c5 00       		.byte	0
 947 00c6 0E       		.uleb128 0xe
 948 00c7 05       		.uleb128 0x5
 949 00c8 00       		.byte	0
 950 00c9 03       		.uleb128 0x3
ARM GAS  C:\Users\Will\AppData\Local\Temp\cctsoTrH.s 			page 25


 951 00ca 0E       		.uleb128 0xe
 952 00cb 3A       		.uleb128 0x3a
 953 00cc 0B       		.uleb128 0xb
 954 00cd 3B       		.uleb128 0x3b
 955 00ce 05       		.uleb128 0x5
 956 00cf 49       		.uleb128 0x49
 957 00d0 13       		.uleb128 0x13
 958 00d1 02       		.uleb128 0x2
 959 00d2 17       		.uleb128 0x17
 960 00d3 00       		.byte	0
 961 00d4 00       		.byte	0
 962 00d5 0F       		.uleb128 0xf
 963 00d6 2E       		.uleb128 0x2e
 964 00d7 01       		.byte	0x1
 965 00d8 3F       		.uleb128 0x3f
 966 00d9 19       		.uleb128 0x19
 967 00da 03       		.uleb128 0x3
 968 00db 0E       		.uleb128 0xe
 969 00dc 3A       		.uleb128 0x3a
 970 00dd 0B       		.uleb128 0xb
 971 00de 3B       		.uleb128 0x3b
 972 00df 05       		.uleb128 0x5
 973 00e0 27       		.uleb128 0x27
 974 00e1 19       		.uleb128 0x19
 975 00e2 49       		.uleb128 0x49
 976 00e3 13       		.uleb128 0x13
 977 00e4 11       		.uleb128 0x11
 978 00e5 01       		.uleb128 0x1
 979 00e6 12       		.uleb128 0x12
 980 00e7 06       		.uleb128 0x6
 981 00e8 40       		.uleb128 0x40
 982 00e9 18       		.uleb128 0x18
 983 00ea 9742     		.uleb128 0x2117
 984 00ec 19       		.uleb128 0x19
 985 00ed 01       		.uleb128 0x1
 986 00ee 13       		.uleb128 0x13
 987 00ef 00       		.byte	0
 988 00f0 00       		.byte	0
 989 00f1 10       		.uleb128 0x10
 990 00f2 34       		.uleb128 0x34
 991 00f3 00       		.byte	0
 992 00f4 03       		.uleb128 0x3
 993 00f5 0E       		.uleb128 0xe
 994 00f6 3A       		.uleb128 0x3a
 995 00f7 0B       		.uleb128 0xb
 996 00f8 3B       		.uleb128 0x3b
 997 00f9 05       		.uleb128 0x5
 998 00fa 49       		.uleb128 0x49
 999 00fb 13       		.uleb128 0x13
 1000 00fc 02       		.uleb128 0x2
 1001 00fd 17       		.uleb128 0x17
 1002 00fe 00       		.byte	0
 1003 00ff 00       		.byte	0
 1004 0100 11       		.uleb128 0x11
 1005 0101 2E       		.uleb128 0x2e
 1006 0102 00       		.byte	0
 1007 0103 3F       		.uleb128 0x3f
ARM GAS  C:\Users\Will\AppData\Local\Temp\cctsoTrH.s 			page 26


 1008 0104 19       		.uleb128 0x19
 1009 0105 03       		.uleb128 0x3
 1010 0106 0E       		.uleb128 0xe
 1011 0107 3A       		.uleb128 0x3a
 1012 0108 0B       		.uleb128 0xb
 1013 0109 3B       		.uleb128 0x3b
 1014 010a 05       		.uleb128 0x5
 1015 010b 27       		.uleb128 0x27
 1016 010c 19       		.uleb128 0x19
 1017 010d 11       		.uleb128 0x11
 1018 010e 01       		.uleb128 0x1
 1019 010f 12       		.uleb128 0x12
 1020 0110 06       		.uleb128 0x6
 1021 0111 40       		.uleb128 0x40
 1022 0112 18       		.uleb128 0x18
 1023 0113 9742     		.uleb128 0x2117
 1024 0115 19       		.uleb128 0x19
 1025 0116 00       		.byte	0
 1026 0117 00       		.byte	0
 1027 0118 12       		.uleb128 0x12
 1028 0119 2E       		.uleb128 0x2e
 1029 011a 00       		.byte	0
 1030 011b 3F       		.uleb128 0x3f
 1031 011c 19       		.uleb128 0x19
 1032 011d 03       		.uleb128 0x3
 1033 011e 0E       		.uleb128 0xe
 1034 011f 3A       		.uleb128 0x3a
 1035 0120 0B       		.uleb128 0xb
 1036 0121 3B       		.uleb128 0x3b
 1037 0122 05       		.uleb128 0x5
 1038 0123 27       		.uleb128 0x27
 1039 0124 19       		.uleb128 0x19
 1040 0125 49       		.uleb128 0x49
 1041 0126 13       		.uleb128 0x13
 1042 0127 11       		.uleb128 0x11
 1043 0128 01       		.uleb128 0x1
 1044 0129 12       		.uleb128 0x12
 1045 012a 06       		.uleb128 0x6
 1046 012b 40       		.uleb128 0x40
 1047 012c 18       		.uleb128 0x18
 1048 012d 9742     		.uleb128 0x2117
 1049 012f 19       		.uleb128 0x19
 1050 0130 00       		.byte	0
 1051 0131 00       		.byte	0
 1052 0132 13       		.uleb128 0x13
 1053 0133 898201   		.uleb128 0x4109
 1054 0136 01       		.byte	0x1
 1055 0137 11       		.uleb128 0x11
 1056 0138 01       		.uleb128 0x1
 1057 0139 31       		.uleb128 0x31
 1058 013a 13       		.uleb128 0x13
 1059 013b 01       		.uleb128 0x1
 1060 013c 13       		.uleb128 0x13
 1061 013d 00       		.byte	0
 1062 013e 00       		.byte	0
 1063 013f 14       		.uleb128 0x14
 1064 0140 8A8201   		.uleb128 0x410a
ARM GAS  C:\Users\Will\AppData\Local\Temp\cctsoTrH.s 			page 27


 1065 0143 00       		.byte	0
 1066 0144 02       		.uleb128 0x2
 1067 0145 18       		.uleb128 0x18
 1068 0146 9142     		.uleb128 0x2111
 1069 0148 18       		.uleb128 0x18
 1070 0149 00       		.byte	0
 1071 014a 00       		.byte	0
 1072 014b 15       		.uleb128 0x15
 1073 014c 05       		.uleb128 0x5
 1074 014d 00       		.byte	0
 1075 014e 03       		.uleb128 0x3
 1076 014f 0E       		.uleb128 0xe
 1077 0150 3A       		.uleb128 0x3a
 1078 0151 0B       		.uleb128 0xb
 1079 0152 3B       		.uleb128 0x3b
 1080 0153 0B       		.uleb128 0xb
 1081 0154 49       		.uleb128 0x49
 1082 0155 13       		.uleb128 0x13
 1083 0156 02       		.uleb128 0x2
 1084 0157 17       		.uleb128 0x17
 1085 0158 00       		.byte	0
 1086 0159 00       		.byte	0
 1087 015a 16       		.uleb128 0x16
 1088 015b 34       		.uleb128 0x34
 1089 015c 00       		.byte	0
 1090 015d 03       		.uleb128 0x3
 1091 015e 0E       		.uleb128 0xe
 1092 015f 3A       		.uleb128 0x3a
 1093 0160 0B       		.uleb128 0xb
 1094 0161 3B       		.uleb128 0x3b
 1095 0162 0B       		.uleb128 0xb
 1096 0163 49       		.uleb128 0x49
 1097 0164 13       		.uleb128 0x13
 1098 0165 3F       		.uleb128 0x3f
 1099 0166 19       		.uleb128 0x19
 1100 0167 02       		.uleb128 0x2
 1101 0168 18       		.uleb128 0x18
 1102 0169 00       		.byte	0
 1103 016a 00       		.byte	0
 1104 016b 17       		.uleb128 0x17
 1105 016c 2E       		.uleb128 0x2e
 1106 016d 00       		.byte	0
 1107 016e 3F       		.uleb128 0x3f
 1108 016f 19       		.uleb128 0x19
 1109 0170 3C       		.uleb128 0x3c
 1110 0171 19       		.uleb128 0x19
 1111 0172 6E       		.uleb128 0x6e
 1112 0173 0E       		.uleb128 0xe
 1113 0174 03       		.uleb128 0x3
 1114 0175 0E       		.uleb128 0xe
 1115 0176 3A       		.uleb128 0x3a
 1116 0177 0B       		.uleb128 0xb
 1117 0178 3B       		.uleb128 0x3b
 1118 0179 0B       		.uleb128 0xb
 1119 017a 00       		.byte	0
 1120 017b 00       		.byte	0
 1121 017c 00       		.byte	0
ARM GAS  C:\Users\Will\AppData\Local\Temp\cctsoTrH.s 			page 28


 1122              		.section	.debug_loc,"",%progbits
 1123              	.Ldebug_loc0:
 1124              	.LLST0:
 1125 0000 00000000 		.4byte	.LVL4
 1126 0004 02000000 		.4byte	.LVL5
 1127 0008 0100     		.2byte	0x1
 1128 000a 50       		.byte	0x50
 1129 000b 02000000 		.4byte	.LVL5
 1130 000f 10000000 		.4byte	.LFE6
 1131 0013 0400     		.2byte	0x4
 1132 0015 F3       		.byte	0xf3
 1133 0016 01       		.uleb128 0x1
 1134 0017 50       		.byte	0x50
 1135 0018 9F       		.byte	0x9f
 1136 0019 00000000 		.4byte	0
 1137 001d 00000000 		.4byte	0
 1138              	.LLST1:
 1139 0021 04000000 		.4byte	.LVL6
 1140 0025 06000000 		.4byte	.LVL7
 1141 0029 0500     		.2byte	0x5
 1142 002b 70       		.byte	0x70
 1143 002c 00       		.sleb128 0
 1144 002d 35       		.byte	0x35
 1145 002e 25       		.byte	0x25
 1146 002f 9F       		.byte	0x9f
 1147 0030 00000000 		.4byte	0
 1148 0034 00000000 		.4byte	0
 1149              	.LLST2:
 1150 0038 00000000 		.4byte	.LVL12
 1151 003c 07000000 		.4byte	.LVL13-1
 1152 0040 0100     		.2byte	0x1
 1153 0042 50       		.byte	0x50
 1154 0043 07000000 		.4byte	.LVL13-1
 1155 0047 1A000000 		.4byte	.LFE1
 1156 004b 0100     		.2byte	0x1
 1157 004d 54       		.byte	0x54
 1158 004e 00000000 		.4byte	0
 1159 0052 00000000 		.4byte	0
 1160              		.section	.debug_aranges,"",%progbits
 1161 0000 7C000000 		.4byte	0x7c
 1162 0004 0200     		.2byte	0x2
 1163 0006 00000000 		.4byte	.Ldebug_info0
 1164 000a 04       		.byte	0x4
 1165 000b 00       		.byte	0
 1166 000c 0000     		.2byte	0
 1167 000e 0000     		.2byte	0
 1168 0010 00000000 		.4byte	.LFB3
 1169 0014 14000000 		.4byte	.LFE3-.LFB3
 1170 0018 00000000 		.4byte	.LFB4
 1171 001c 10000000 		.4byte	.LFE4-.LFB4
 1172 0020 00000000 		.4byte	.LFB5
 1173 0024 10000000 		.4byte	.LFE5-.LFB5
 1174 0028 00000000 		.4byte	.LFB6
 1175 002c 10000000 		.4byte	.LFE6-.LFB6
 1176 0030 00000000 		.4byte	.LFB7
 1177 0034 0C000000 		.4byte	.LFE7-.LFB7
 1178 0038 00000000 		.4byte	.LFB8
ARM GAS  C:\Users\Will\AppData\Local\Temp\cctsoTrH.s 			page 29


 1179 003c 10000000 		.4byte	.LFE8-.LFB8
 1180 0040 00000000 		.4byte	.LFB9
 1181 0044 18000000 		.4byte	.LFE9-.LFB9
 1182 0048 00000000 		.4byte	.LFB10
 1183 004c 10000000 		.4byte	.LFE10-.LFB10
 1184 0050 00000000 		.4byte	.LFB0
 1185 0054 1C000000 		.4byte	.LFE0-.LFB0
 1186 0058 00000000 		.4byte	.LFB1
 1187 005c 1A000000 		.4byte	.LFE1-.LFB1
 1188 0060 00000000 		.4byte	.LFB2
 1189 0064 14000000 		.4byte	.LFE2-.LFB2
 1190 0068 00000000 		.4byte	.LFB11
 1191 006c 10000000 		.4byte	.LFE11-.LFB11
 1192 0070 00000000 		.4byte	.LFB12
 1193 0074 10000000 		.4byte	.LFE12-.LFB12
 1194 0078 00000000 		.4byte	0
 1195 007c 00000000 		.4byte	0
 1196              		.section	.debug_ranges,"",%progbits
 1197              	.Ldebug_ranges0:
 1198 0000 00000000 		.4byte	.LFB3
 1199 0004 14000000 		.4byte	.LFE3
 1200 0008 00000000 		.4byte	.LFB4
 1201 000c 10000000 		.4byte	.LFE4
 1202 0010 00000000 		.4byte	.LFB5
 1203 0014 10000000 		.4byte	.LFE5
 1204 0018 00000000 		.4byte	.LFB6
 1205 001c 10000000 		.4byte	.LFE6
 1206 0020 00000000 		.4byte	.LFB7
 1207 0024 0C000000 		.4byte	.LFE7
 1208 0028 00000000 		.4byte	.LFB8
 1209 002c 10000000 		.4byte	.LFE8
 1210 0030 00000000 		.4byte	.LFB9
 1211 0034 18000000 		.4byte	.LFE9
 1212 0038 00000000 		.4byte	.LFB10
 1213 003c 10000000 		.4byte	.LFE10
 1214 0040 00000000 		.4byte	.LFB0
 1215 0044 1C000000 		.4byte	.LFE0
 1216 0048 00000000 		.4byte	.LFB1
 1217 004c 1A000000 		.4byte	.LFE1
 1218 0050 00000000 		.4byte	.LFB2
 1219 0054 14000000 		.4byte	.LFE2
 1220 0058 00000000 		.4byte	.LFB11
 1221 005c 10000000 		.4byte	.LFE11
 1222 0060 00000000 		.4byte	.LFB12
 1223 0064 10000000 		.4byte	.LFE12
 1224 0068 00000000 		.4byte	0
 1225 006c 00000000 		.4byte	0
 1226              		.section	.debug_line,"",%progbits
 1227              	.Ldebug_line0:
 1228 0000 41010000 		.section	.debug_str,"MS",%progbits,1
 1228      02005300 
 1228      00000201 
 1228      FB0E0D00 
 1228      01010101 
 1229              	.LASF17:
 1230 0000 72656733 		.ascii	"reg32\000"
 1230      3200
ARM GAS  C:\Users\Will\AppData\Local\Temp\cctsoTrH.s 			page 30


 1231              	.LASF20:
 1232 0006 52454652 		.ascii	"REFRESH_ISR_SetVector\000"
 1232      4553485F 
 1232      4953525F 
 1232      53657456 
 1232      6563746F 
 1233              	.LASF30:
 1234 001c 52454652 		.ascii	"REFRESH_ISR_StartEx\000"
 1234      4553485F 
 1234      4953525F 
 1234      53746172 
 1234      74457800 
 1235              	.LASF38:
 1236 0030 74696D65 		.ascii	"timer_isr_flag\000"
 1236      725F6973 
 1236      725F666C 
 1236      616700
 1237              	.LASF6:
 1238 003f 73686F72 		.ascii	"short unsigned int\000"
 1238      7420756E 
 1238      7369676E 
 1238      65642069 
 1238      6E7400
 1239              	.LASF36:
 1240 0052 433A5C55 		.ascii	"C:\\Users\\Will\\OneDrive - Southern Illinois Unive"
 1240      73657273 
 1240      5C57696C 
 1240      6C5C4F6E 
 1240      65447269 
 1241 0082 72736974 		.ascii	"rsity Edwardsville\\Spring 2021\\ECE 381\\Psoc_Proj"
 1241      79204564 
 1241      77617264 
 1241      7376696C 
 1241      6C655C53 
 1242 00b2 65637473 		.ascii	"ects\\Lab_Projects\\ece381_finalproject_Gallagher.c"
 1242      5C4C6162 
 1242      5F50726F 
 1242      6A656374 
 1242      735C6563 
 1243 00e3 7964736E 		.ascii	"ydsn\000"
 1243      00
 1244              	.LASF32:
 1245 00e8 52454652 		.ascii	"REFRESH_ISR_SetPending\000"
 1245      4553485F 
 1245      4953525F 
 1245      53657450 
 1245      656E6469 
 1246              	.LASF27:
 1247 00ff 52454652 		.ascii	"REFRESH_ISR_Enable\000"
 1247      4553485F 
 1247      4953525F 
 1247      456E6162 
 1247      6C6500
 1248              	.LASF14:
 1249 0112 666C6F61 		.ascii	"float\000"
 1249      7400
 1250              	.LASF35:
ARM GAS  C:\Users\Will\AppData\Local\Temp\cctsoTrH.s 			page 31


 1251 0118 47656E65 		.ascii	"Generated_Source\\PSoC5\\REFRESH_ISR.c\000"
 1251      72617465 
 1251      645F536F 
 1251      75726365 
 1251      5C50536F 
 1252              	.LASF31:
 1253 013d 52454652 		.ascii	"REFRESH_ISR_Stop\000"
 1253      4553485F 
 1253      4953525F 
 1253      53746F70 
 1253      00
 1254              	.LASF4:
 1255 014e 756E7369 		.ascii	"unsigned char\000"
 1255      676E6564 
 1255      20636861 
 1255      7200
 1256              	.LASF34:
 1257 015c 474E5520 		.ascii	"GNU C11 5.4.1 20160609 (release) [ARM/embedded-5-br"
 1257      43313120 
 1257      352E342E 
 1257      31203230 
 1257      31363036 
 1258 018f 616E6368 		.ascii	"anch revision 237715] -mcpu=cortex-m3 -mthumb -g -O"
 1258      20726576 
 1258      6973696F 
 1258      6E203233 
 1258      37373135 
 1259 01c2 67202D66 		.ascii	"g -ffunction-sections -ffat-lto-objects\000"
 1259      66756E63 
 1259      74696F6E 
 1259      2D736563 
 1259      74696F6E 
 1260              	.LASF16:
 1261 01ea 72656738 		.ascii	"reg8\000"
 1261      00
 1262              	.LASF8:
 1263 01ef 6C6F6E67 		.ascii	"long unsigned int\000"
 1263      20756E73 
 1263      69676E65 
 1263      6420696E 
 1263      7400
 1264              	.LASF12:
 1265 0201 75696E74 		.ascii	"uint8\000"
 1265      3800
 1266              	.LASF24:
 1267 0207 7072696F 		.ascii	"priority\000"
 1267      72697479 
 1267      00
 1268              	.LASF25:
 1269 0210 52454652 		.ascii	"REFRESH_ISR_GetVector\000"
 1269      4553485F 
 1269      4953525F 
 1269      47657456 
 1269      6563746F 
 1270              	.LASF19:
 1271 0226 52454652 		.ascii	"REFRESH_ISR_Interrupt\000"
 1271      4553485F 
ARM GAS  C:\Users\Will\AppData\Local\Temp\cctsoTrH.s 			page 32


 1271      4953525F 
 1271      496E7465 
 1271      72727570 
 1272              	.LASF15:
 1273 023c 646F7562 		.ascii	"double\000"
 1273      6C6500
 1274              	.LASF29:
 1275 0243 52454652 		.ascii	"REFRESH_ISR_Start\000"
 1275      4553485F 
 1275      4953525F 
 1275      53746172 
 1275      7400
 1276              	.LASF37:
 1277 0255 52454652 		.ascii	"REFRESH_ISR_GetState\000"
 1277      4553485F 
 1277      4953525F 
 1277      47657453 
 1277      74617465 
 1278              	.LASF13:
 1279 026a 75696E74 		.ascii	"uint32\000"
 1279      333200
 1280              	.LASF26:
 1281 0271 52454652 		.ascii	"REFRESH_ISR_GetPriority\000"
 1281      4553485F 
 1281      4953525F 
 1281      47657450 
 1281      72696F72 
 1282              	.LASF0:
 1283 0289 756E7369 		.ascii	"unsigned int\000"
 1283      676E6564 
 1283      20696E74 
 1283      00
 1284              	.LASF23:
 1285 0296 61646472 		.ascii	"address\000"
 1285      65737300 
 1286              	.LASF9:
 1287 029e 6C6F6E67 		.ascii	"long long unsigned int\000"
 1287      206C6F6E 
 1287      6720756E 
 1287      7369676E 
 1287      65642069 
 1288              	.LASF18:
 1289 02b5 63796973 		.ascii	"cyisraddress\000"
 1289      72616464 
 1289      72657373 
 1289      00
 1290              	.LASF33:
 1291 02c2 52454652 		.ascii	"REFRESH_ISR_ClearPending\000"
 1291      4553485F 
 1291      4953525F 
 1291      436C6561 
 1291      7250656E 
 1292              	.LASF10:
 1293 02db 73697A65 		.ascii	"sizetype\000"
 1293      74797065 
 1293      00
 1294              	.LASF1:
ARM GAS  C:\Users\Will\AppData\Local\Temp\cctsoTrH.s 			page 33


 1295 02e4 6C6F6E67 		.ascii	"long long int\000"
 1295      206C6F6E 
 1295      6720696E 
 1295      7400
 1296              	.LASF11:
 1297 02f2 63686172 		.ascii	"char\000"
 1297      00
 1298              	.LASF21:
 1299 02f7 72616D56 		.ascii	"ramVectorTable\000"
 1299      6563746F 
 1299      72546162 
 1299      6C6500
 1300              	.LASF5:
 1301 0306 73686F72 		.ascii	"short int\000"
 1301      7420696E 
 1301      7400
 1302              	.LASF22:
 1303 0310 52454652 		.ascii	"REFRESH_ISR_SetPriority\000"
 1303      4553485F 
 1303      4953525F 
 1303      53657450 
 1303      72696F72 
 1304              	.LASF7:
 1305 0328 6C6F6E67 		.ascii	"long int\000"
 1305      20696E74 
 1305      00
 1306              	.LASF39:
 1307 0331 54494D45 		.ascii	"TIMER_ReadStatusRegister\000"
 1307      525F5265 
 1307      61645374 
 1307      61747573 
 1307      52656769 
 1308              	.LASF2:
 1309 034a 6C6F6E67 		.ascii	"long double\000"
 1309      20646F75 
 1309      626C6500 
 1310              	.LASF3:
 1311 0356 7369676E 		.ascii	"signed char\000"
 1311      65642063 
 1311      68617200 
 1312              	.LASF28:
 1313 0362 52454652 		.ascii	"REFRESH_ISR_Disable\000"
 1313      4553485F 
 1313      4953525F 
 1313      44697361 
 1313      626C6500 
 1314              		.ident	"GCC: (GNU Tools for ARM Embedded Processors) 5.4.1 20160609 (release) [ARM/embedded-5-bran
